Archive member included to satisfy reference by file (symbol)

c:/program files (x86)/atmel/studio/7.0/toolchain/arm/arm-gnu-toolchain/bin/../lib/gcc/arm-none-eabi/6.3.1/thumb/v7e-m\libgcc.a(_arm_addsubdf3.o)
                              hpl/sercom/hpl_sercom.o (__aeabi_dsub)
c:/program files (x86)/atmel/studio/7.0/toolchain/arm/arm-gnu-toolchain/bin/../lib/gcc/arm-none-eabi/6.3.1/thumb/v7e-m\libgcc.a(_arm_muldivdf3.o)
                              hpl/sercom/hpl_sercom.o (__aeabi_dmul)
c:/program files (x86)/atmel/studio/7.0/toolchain/arm/arm-gnu-toolchain/bin/../lib/gcc/arm-none-eabi/6.3.1/thumb/v7e-m\libgcc.a(_arm_fixunsdfsi.o)
                              hpl/sercom/hpl_sercom.o (__aeabi_d2uiz)
c:/program files (x86)/atmel/studio/7.0/toolchain/arm/arm-gnu-toolchain/bin/../lib/gcc/arm-none-eabi/6.3.1/thumb/v7e-m\libgcc.a(_aeabi_uldivmod.o)
                              hpl/sercom/hpl_sercom.o (__aeabi_uldivmod)
c:/program files (x86)/atmel/studio/7.0/toolchain/arm/arm-gnu-toolchain/bin/../lib/gcc/arm-none-eabi/6.3.1/thumb/v7e-m\libgcc.a(_udivmoddi4.o)
                              c:/program files (x86)/atmel/studio/7.0/toolchain/arm/arm-gnu-toolchain/bin/../lib/gcc/arm-none-eabi/6.3.1/thumb/v7e-m\libgcc.a(_aeabi_uldivmod.o) (__udivmoddi4)
c:/program files (x86)/atmel/studio/7.0/toolchain/arm/arm-gnu-toolchain/bin/../lib/gcc/arm-none-eabi/6.3.1/thumb/v7e-m\libgcc.a(_dvmd_tls.o)
                              c:/program files (x86)/atmel/studio/7.0/toolchain/arm/arm-gnu-toolchain/bin/../lib/gcc/arm-none-eabi/6.3.1/thumb/v7e-m\libgcc.a(_aeabi_uldivmod.o) (__aeabi_ldiv0)
c:/program files (x86)/atmel/studio/7.0/toolchain/arm/arm-gnu-toolchain/bin/../lib/gcc/arm-none-eabi/6.3.1/../../../../arm-none-eabi/lib/thumb/v7e-m\libc_nano.a(lib_a-errno.o)
                              dma_m2m_main.o (__errno)
c:/program files (x86)/atmel/studio/7.0/toolchain/arm/arm-gnu-toolchain/bin/../lib/gcc/arm-none-eabi/6.3.1/../../../../arm-none-eabi/lib/thumb/v7e-m\libc_nano.a(lib_a-exit.o)
                              c:/program files (x86)/atmel/studio/7.0/toolchain/arm/arm-gnu-toolchain/bin/../lib/gcc/arm-none-eabi/6.3.1/../../../../arm-none-eabi/lib/thumb/v7e-m/crt0.o (exit)
c:/program files (x86)/atmel/studio/7.0/toolchain/arm/arm-gnu-toolchain/bin/../lib/gcc/arm-none-eabi/6.3.1/../../../../arm-none-eabi/lib/thumb/v7e-m\libc_nano.a(lib_a-impure.o)
                              c:/program files (x86)/atmel/studio/7.0/toolchain/arm/arm-gnu-toolchain/bin/../lib/gcc/arm-none-eabi/6.3.1/../../../../arm-none-eabi/lib/thumb/v7e-m\libc_nano.a(lib_a-exit.o) (_global_impure_ptr)
c:/program files (x86)/atmel/studio/7.0/toolchain/arm/arm-gnu-toolchain/bin/../lib/gcc/arm-none-eabi/6.3.1/../../../../arm-none-eabi/lib/thumb/v7e-m\libc_nano.a(lib_a-init.o)
                              c:/program files (x86)/atmel/studio/7.0/toolchain/arm/arm-gnu-toolchain/bin/../lib/gcc/arm-none-eabi/6.3.1/../../../../arm-none-eabi/lib/thumb/v7e-m/crt0.o (__libc_init_array)
c:/program files (x86)/atmel/studio/7.0/toolchain/arm/arm-gnu-toolchain/bin/../lib/gcc/arm-none-eabi/6.3.1/../../../../arm-none-eabi/lib/thumb/v7e-m\libc_nano.a(lib_a-malloc.o)
                              dma_m2m_main.o (malloc)
c:/program files (x86)/atmel/studio/7.0/toolchain/arm/arm-gnu-toolchain/bin/../lib/gcc/arm-none-eabi/6.3.1/../../../../arm-none-eabi/lib/thumb/v7e-m\libc_nano.a(lib_a-memset.o)
                              c:/program files (x86)/atmel/studio/7.0/toolchain/arm/arm-gnu-toolchain/bin/../lib/gcc/arm-none-eabi/6.3.1/../../../../arm-none-eabi/lib/thumb/v7e-m/crt0.o (memset)
c:/program files (x86)/atmel/studio/7.0/toolchain/arm/arm-gnu-toolchain/bin/../lib/gcc/arm-none-eabi/6.3.1/../../../../arm-none-eabi/lib/thumb/v7e-m\libc_nano.a(lib_a-nano-freer.o)
                              c:/program files (x86)/atmel/studio/7.0/toolchain/arm/arm-gnu-toolchain/bin/../lib/gcc/arm-none-eabi/6.3.1/../../../../arm-none-eabi/lib/thumb/v7e-m\libc_nano.a(lib_a-malloc.o) (_free_r)
c:/program files (x86)/atmel/studio/7.0/toolchain/arm/arm-gnu-toolchain/bin/../lib/gcc/arm-none-eabi/6.3.1/../../../../arm-none-eabi/lib/thumb/v7e-m\libc_nano.a(lib_a-nano-mallocr.o)
                              c:/program files (x86)/atmel/studio/7.0/toolchain/arm/arm-gnu-toolchain/bin/../lib/gcc/arm-none-eabi/6.3.1/../../../../arm-none-eabi/lib/thumb/v7e-m\libc_nano.a(lib_a-malloc.o) (_malloc_r)
c:/program files (x86)/atmel/studio/7.0/toolchain/arm/arm-gnu-toolchain/bin/../lib/gcc/arm-none-eabi/6.3.1/../../../../arm-none-eabi/lib/thumb/v7e-m\libc_nano.a(lib_a-printf.o)
                              dma_m2m_main.o (printf)
c:/program files (x86)/atmel/studio/7.0/toolchain/arm/arm-gnu-toolchain/bin/../lib/gcc/arm-none-eabi/6.3.1/../../../../arm-none-eabi/lib/thumb/v7e-m\libc_nano.a(lib_a-puts.o)
                              stdio_start.o (puts)
[...]
Memory Configuration

Name             Origin             Length             Attributes
rom              0x00000000         0x00100000         xr
ram              0x20000000         0x00040000         xrw
bkupram          0x47000000         0x00002000         xrw
qspi             0x04000000         0x01000000         xrw
*default*        0x00000000         0xffffffff

Linker script and memory map

LOAD c:/program files (x86)/atmel/studio/7.0/toolchain/arm/arm-gnu-toolchain/bin/../lib/gcc/arm-none-eabi/6.3.1/thumb/v7e-m/crti.o
LOAD c:/program files (x86)/atmel/studio/7.0/toolchain/arm/arm-gnu-toolchain/bin/../lib/gcc/arm-none-eabi/6.3.1/thumb/v7e-m/crtbegin.o
LOAD c:/program files (x86)/atmel/studio/7.0/toolchain/arm/arm-gnu-toolchain/bin/../lib/gcc/arm-none-eabi/6.3.1/../../../../arm-none-eabi/lib/thumb/v7e-m/crt0.o
LOAD atmel_start.o
LOAD Device_Startup/startup_same54.o
LOAD Device_Startup/system_same54.o
LOAD dma_m2m/dma_memory.o
LOAD dma_m2m_main.o
LOAD driver_init.o
LOAD examples/driver_examples.o
LOAD hal/src/hal_atomic.o
LOAD hal/src/hal_cache.o
LOAD hal/src/hal_delay.o
LOAD hal/src/hal_gpio.o
LOAD hal/src/hal_init.o
LOAD hal/src/hal_io.o
LOAD hal/src/hal_sleep.o
LOAD hal/src/hal_spi_m_sync.o
LOAD hal/src/hal_usart_sync.o
LOAD hal/utils/src/utils_assert.o
LOAD hal/utils/src/utils_event.o
LOAD hal/utils/src/utils_list.o
LOAD hal/utils/src/utils_syscalls.o
LOAD hpl/cmcc/hpl_cmcc.o
LOAD hpl/core/hpl_core_m4.o
LOAD hpl/core/hpl_init.o
LOAD hpl/dmac/hpl_dmac.o
LOAD hpl/gclk/hpl_gclk.o
LOAD hpl/mclk/hpl_mclk.o
LOAD hpl/osc32kctrl/hpl_osc32kctrl.o
LOAD hpl/oscctrl/hpl_oscctrl.o
LOAD hpl/pm/hpl_pm.o
LOAD hpl/ramecc/hpl_ramecc.o
LOAD hpl/sercom/hpl_sercom.o
LOAD main.o
LOAD stdio_redirect/gcc/read.o
LOAD stdio_redirect/gcc/write.o
LOAD stdio_redirect/stdio_io.o
LOAD stdio_start.o
START GROUP
LOAD c:/program files (x86)/atmel/studio/7.0/toolchain/arm/arm-gnu-toolchain/bin/../lib/gcc/arm-none-eabi/6.3.1/../../../../arm-none-eabi/lib/thumb/v7e-m\libm.a
END GROUP
START GROUP
LOAD c:/program files (x86)/atmel/studio/7.0/toolchain/arm/arm-gnu-toolchain/bin/../lib/gcc/arm-none-eabi/6.3.1/thumb/v7e-m\libgcc.a
LOAD c:/program files (x86)/atmel/studio/7.0/toolchain/arm/arm-gnu-toolchain/bin/../lib/gcc/arm-none-eabi/6.3.1/../../../../arm-none-eabi/lib/thumb/v7e-m\libc_nano.a
END GROUP
START GROUP
LOAD c:/program files (x86)/atmel/studio/7.0/toolchain/arm/arm-gnu-toolchain/bin/../lib/gcc/arm-none-eabi/6.3.1/thumb/v7e-m\libgcc.a
LOAD c:/program files (x86)/atmel/studio/7.0/toolchain/arm/arm-gnu-toolchain/bin/../lib/gcc/arm-none-eabi/6.3.1/../../../../arm-none-eabi/lib/thumb/v7e-m\libc_nano.a
END GROUP
LOAD c:/program files (x86)/atmel/studio/7.0/toolchain/arm/arm-gnu-toolchain/bin/../lib/gcc/arm-none-eabi/6.3.1/thumb/v7e-m/crtend.o
LOAD c:/program files (x86)/atmel/studio/7.0/toolchain/arm/arm-gnu-toolchain/bin/../lib/gcc/arm-none-eabi/6.3.1/thumb/v7e-m/crtn.o
                0x00010000                STACK_SIZE = DEFINED (STACK_SIZE)?STACK_SIZE:DEFINED (__stack_size__)?__stack_size__:0x10000

.text           0x00000000     0x3110
                0x00000000                . = ALIGN (0x4)
                0x00000000                _sfixed = .
 *(.vectors .vectors.*)
 .vectors       0x00000000      0x264 Device_Startup/startup_same54.o
                0x00000000                exception_table
 *(.text .text.* .gnu.linkonce.t.*)
 .text          0x00000264       0x6c c:/program files (x86)/atmel/studio/7.0/toolchain/arm/arm-gnu-toolchain/bin/../lib/gcc/arm-none-eabi/6.3.1/thumb/v7e-m/crtbegin.o
 .text.atmel_start_init
                0x000002d0       0x1c atmel_start.o
                0x000002d0                atmel_start_init
 .text.Dummy_Handler
                0x000002ec        0x2 Device_Startup/startup_same54.o
                0x000002ec                EIC_5_Handler
                0x000002ec                SVCall_Handler
                0x000002ec                SERCOM0_2_Handler
                0x000002ec                EIC_13_Handler
                0x000002ec                EVSYS_0_Handler
                0x000002ec                TCC1_3_Handler
                0x000002ec                DAC_3_Handler
                0x000002ec                TRNG_Handler
                0x000002ec                HardFault_Handler
                0x000002ec                TC2_Handler
                0x000002ec                PDEC_2_Handler
                0x000002ec                EIC_4_Handler
                0x000002ec                AC_Handler
                0x000002ec                SERCOM3_1_Handler
                0x000002ec                SysTick_Handler
                0x000002ec                TCC2_3_Handler
                0x000002ec                SERCOM3_2_Handler
                0x000002ec                PendSV_Handler
                0x000002ec                TC7_Handler
                0x000002ec                ADC1_1_Handler
                0x000002ec                EVSYS_3_Handler
                0x000002ec                PDEC_0_Handler
                0x000002ec                QSPI_Handler
                0x000002ec                NonMaskableInt_Handler
                0x000002ec                TCC0_0_Handler
                0x000002ec                EIC_3_Handler
                0x000002ec                MemManagement_Handler
                0x000002ec                DAC_2_Handler
                0x000002ec                SERCOM0_0_Handler
                0x000002ec                RTC_Handler
                0x000002ec                UsageFault_Handler
                0x000002ec                SERCOM4_0_Handler
                0x000002ec                EIC_10_Handler
                0x000002ec                SERCOM0_3_Handler
                0x000002ec                EIC_11_Handler
                0x000002ec                EIC_9_Handler
                0x000002ec                OSC32KCTRL_Handler
                0x000002ec                TCC2_1_Handler
                0x000002ec                SUPC_1_Handler
                0x000002ec                TCC0_5_Handler
                0x000002ec                TCC0_6_Handler
                0x000002ec                SERCOM6_2_Handler
                0x000002ec                EVSYS_1_Handler
                0x000002ec                TCC1_4_Handler
                0x000002ec                TC6_Handler
                0x000002ec                WDT_Handler
                0x000002ec                CAN0_Handler
                0x000002ec                EIC_8_Handler
                0x000002ec                EIC_15_Handler
                0x000002ec                SERCOM6_0_Handler
                0x000002ec                SERCOM5_0_Handler
                0x000002ec                TC4_Handler
                0x000002ec                TC1_Handler
                0x000002ec                OSCCTRL_4_Handler
                0x000002ec                SERCOM4_3_Handler
                0x000002ec                EIC_12_Handler
                0x000002ec                TCC4_2_Handler
                0x000002ec                PAC_Handler
                0x000002ec                TCC1_0_Handler
                0x000002ec                USB_0_Handler
                0x000002ec                OSCCTRL_0_Handler
                0x000002ec                EIC_0_Handler
                0x000002ec                OSCCTRL_3_Handler
                0x000002ec                SERCOM4_1_Handler
                0x000002ec                TC3_Handler
                0x000002ec                Dummy_Handler
                0x000002ec                TCC3_0_Handler
                0x000002ec                TCC2_2_Handler
                0x000002ec                SERCOM5_1_Handler
                0x000002ec                TCC1_1_Handler
                0x000002ec                ADC0_0_Handler
                0x000002ec                SERCOM0_1_Handler
                0x000002ec                OSCCTRL_2_Handler
                0x000002ec                ADC1_0_Handler
                0x000002ec                TCC1_2_Handler
                0x000002ec                SERCOM7_1_Handler
                0x000002ec                USB_1_Handler
                0x000002ec                PM_Handler
                0x000002ec                SERCOM6_3_Handler
                0x000002ec                SERCOM2_3_Handler
                0x000002ec                DAC_4_Handler
                0x000002ec                TCC3_2_Handler
                0x000002ec                SERCOM7_0_Handler
                0x000002ec                TCC0_2_Handler
                0x000002ec                TCC4_0_Handler
                0x000002ec                SERCOM7_3_Handler
                0x000002ec                GMAC_Handler
                0x000002ec                SDHC1_Handler
                0x000002ec                USB_3_Handler
                0x000002ec                SERCOM7_2_Handler
                0x000002ec                CAN1_Handler
                0x000002ec                TCC2_0_Handler
                0x000002ec                PDEC_1_Handler
                0x000002ec                TCC4_1_Handler
                0x000002ec                SERCOM5_3_Handler
                0x000002ec                USB_2_Handler
                0x000002ec                SERCOM6_1_Handler
                0x000002ec                SDHC0_Handler
                0x000002ec                SERCOM1_1_Handler
                0x000002ec                I2S_Handler
                0x000002ec                EIC_2_Handler
                0x000002ec                PCC_Handler
                0x000002ec                DAC_0_Handler
                0x000002ec                TCC0_1_Handler
                0x000002ec                SERCOM1_3_Handler
                0x000002ec                EIC_6_Handler
                0x000002ec                OSCCTRL_1_Handler
                0x000002ec                SERCOM1_0_Handler
                0x000002ec                PUKCC_Handler
                0x000002ec                SERCOM2_1_Handler
                0x000002ec                SERCOM1_2_Handler
                0x000002ec                SERCOM3_0_Handler
                0x000002ec                EIC_1_Handler
                0x000002ec                SERCOM4_2_Handler
                0x000002ec                EVSYS_4_Handler
                0x000002ec                EIC_7_Handler
                0x000002ec                NVMCTRL_1_Handler
                0x000002ec                SERCOM5_2_Handler
                0x000002ec                SERCOM3_3_Handler
                0x000002ec                ADC0_1_Handler
                0x000002ec                SERCOM2_2_Handler
                0x000002ec                TCC3_1_Handler
                0x000002ec                EIC_14_Handler
                0x000002ec                DAC_1_Handler
                0x000002ec                NVMCTRL_0_Handler
                0x000002ec                MCLK_Handler
                0x000002ec                EVSYS_2_Handler
                0x000002ec                SUPC_0_Handler
                0x000002ec                BusFault_Handler
                0x000002ec                FREQM_Handler
                0x000002ec                TC0_Handler
                0x000002ec                TCC0_3_Handler
                0x000002ec                DebugMonitor_Handler
                0x000002ec                TCC0_4_Handler
                0x000002ec                TC5_Handler
                0x000002ec                SERCOM2_0_Handler
                0x000002ec                AES_Handler
                0x000002ec                ICM_Handler
 *fill*         0x000002ee        0x2 
 .text.Reset_Handler
                0x000002f0       0x7c Device_Startup/startup_same54.o
                0x000002f0                Reset_Handler
 .text.dma_transfer_done
                0x0000036c       0x10 dma_m2m/dma_memory.o
 .text.dma_memory_error
                0x0000037c       0x10 dma_m2m/dma_memory.o
 .text.dma_memory_init
                0x0000038c       0x2c dma_m2m/dma_memory.o
                0x0000038c                dma_memory_init
 .text.dma_memcpy
                0x000003b8       0x54 dma_m2m/dma_memory.o
                0x000003b8                dma_memcpy
 .text.dma_memset
                0x0000040c       0x5c dma_m2m/dma_memory.o
                0x0000040c                dma_memset
 .text.M2M_DMA_0_complete_cb
                0x00000468        0xc dma_m2m_main.o
 .text.write_to_usart
                0x00000474       0x40 dma_m2m_main.o
                0x00000474                write_to_usart
 .text.dma_write_memory
                0x000004b4       0x58 dma_m2m_main.o
                0x000004b4                dma_write_memory
 .text.dma_usart_copy
                0x0000050c       0x9c dma_m2m_main.o
                0x0000050c                dma_usart_copy
 .text.TARGET_IO_PORT_init
                0x000005a8       0x48 driver_init.o
                0x000005a8                TARGET_IO_PORT_init
 .text.TARGET_IO_CLOCK_init
                0x000005f0       0x24 driver_init.o
                0x000005f0                TARGET_IO_CLOCK_init
 .text.TARGET_IO_init
                0x00000614       0x2c driver_init.o
                0x00000614                TARGET_IO_init
 .text.SPI_0_PORT_init
                0x00000640       0xac driver_init.o
                0x00000640                SPI_0_PORT_init
 .text.SPI_0_CLOCK_init
                0x000006ec       0x24 driver_init.o
                0x000006ec                SPI_0_CLOCK_init
 .text.SPI_0_init
                0x00000710       0x28 driver_init.o
                0x00000710                SPI_0_init
 .text.USART_0_PORT_init
                0x00000738       0x48 driver_init.o
                0x00000738                USART_0_PORT_init
 .text.USART_0_CLOCK_init
                0x00000780       0x24 driver_init.o
                0x00000780                USART_0_CLOCK_init
 .text.USART_0_init
                0x000007a4       0x2c driver_init.o
                0x000007a4                USART_0_init
 .text.system_init
                0x000007d0       0x24 driver_init.o
                0x000007d0                system_init
 .text.io_write
                0x000007f4       0x34 hal/src/hal_io.o
                0x000007f4                io_write
 .text.io_read  0x00000828       0x34 hal/src/hal_io.o
                0x00000828                io_read
 .text.spi_m_sync_init
                0x0000085c       0x54 hal/src/hal_spi_m_sync.o
                0x0000085c                spi_m_sync_init
 .text.spi_m_sync_transfer
                0x000008b0       0x44 hal/src/hal_spi_m_sync.o
                0x000008b0                spi_m_sync_transfer
 .text._spi_m_sync_io_write
                0x000008f4       0x3c hal/src/hal_spi_m_sync.o
 .text._spi_m_sync_io_read
                0x00000930       0x3c hal/src/hal_spi_m_sync.o
 .text.usart_sync_write
                0x0000096c       0x70 hal/src/hal_usart_sync.o
 .text.usart_sync_read
                0x000009dc       0x5c hal/src/hal_usart_sync.o
 .text.usart_sync_init
                0x00000a38       0x4c hal/src/hal_usart_sync.o
                0x00000a38                usart_sync_init
 .text.usart_sync_enable
                0x00000a84       0x2c hal/src/hal_usart_sync.o
                0x00000a84                usart_sync_enable
 .text.usart_sync_get_io_descriptor
                0x00000ab0       0x2c hal/src/hal_usart_sync.o
                0x00000ab0                usart_sync_get_io_descriptor
 .text.assert   0x00000adc        0x6 hal/utils/src/utils_assert.o
                0x00000adc                assert
 *fill*         0x00000ae2        0x2 
 .text._sbrk    0x00000ae4       0x24 hal/utils/src/utils_syscalls.o
                0x00000ae4                _sbrk
 .text._close   0x00000b08        0x6 hal/utils/src/utils_syscalls.o
                0x00000b08                _close
 .text._fstat   0x00000b0e        0xa hal/utils/src/utils_syscalls.o
                0x00000b0e                _fstat
 .text._isatty  0x00000b18        0x4 hal/utils/src/utils_syscalls.o
                0x00000b18                _isatty
 .text._lseek   0x00000b1c        0x4 hal/utils/src/utils_syscalls.o
                0x00000b1c                _lseek
 .text._init_chip
                0x00000b20       0x40 hpl/core/hpl_init.o
                0x00000b20                _init_chip
 .text._dmac_handler
                0x00000b60       0x68 hpl/dmac/hpl_dmac.o
 .text._dma_set_destination_address
                0x00000bc8       0x10 hpl/dmac/hpl_dmac.o
                0x00000bc8                _dma_set_destination_address
 .text._dma_set_source_address
                0x00000bd8       0x10 hpl/dmac/hpl_dmac.o
                0x00000bd8                _dma_set_source_address
 .text._dma_srcinc_enable
                0x00000be8       0x1c hpl/dmac/hpl_dmac.o
                0x00000be8                _dma_srcinc_enable
 .text._dma_set_data_amount
                0x00000c04       0x58 hpl/dmac/hpl_dmac.o
                0x00000c04                _dma_set_data_amount
 .text._dma_enable_transaction
                0x00000c5c       0x3c hpl/dmac/hpl_dmac.o
                0x00000c5c                _dma_enable_transaction
 .text._dma_get_channel_resource
                0x00000c98       0x14 hpl/dmac/hpl_dmac.o
                0x00000c98                _dma_get_channel_resource
 .text._dma_dstinc_enable
                0x00000cac       0x1c hpl/dmac/hpl_dmac.o
                0x00000cac                _dma_dstinc_enable
 .text.DMAC_0_Handler
                0x00000cc8        0xc hpl/dmac/hpl_dmac.o
                0x00000cc8                DMAC_0_Handler
 .text.DMAC_1_Handler
                0x00000cd4        0xc hpl/dmac/hpl_dmac.o
                0x00000cd4                DMAC_1_Handler
 .text.DMAC_2_Handler
                0x00000ce0        0xc hpl/dmac/hpl_dmac.o
                0x00000ce0                DMAC_2_Handler
 .text.DMAC_3_Handler
                0x00000cec        0xc hpl/dmac/hpl_dmac.o
                0x00000cec                DMAC_3_Handler
 .text.DMAC_4_Handler
                0x00000cf8        0xc hpl/dmac/hpl_dmac.o
                0x00000cf8                DMAC_4_Handler
 .text._gclk_init_generators_by_fref
                0x00000d04       0x40 hpl/gclk/hpl_gclk.o
                0x00000d04                _gclk_init_generators_by_fref
 .text._mclk_init
                0x00000d44        0xc hpl/mclk/hpl_mclk.o
                0x00000d44                _mclk_init
 .text._osc32kctrl_init_sources
                0x00000d50       0x14 hpl/osc32kctrl/hpl_osc32kctrl.o
                0x00000d50                _osc32kctrl_init_sources
 .text._oscctrl_init_sources
                0x00000d64        0x2 hpl/oscctrl/hpl_oscctrl.o
                0x00000d64                _oscctrl_init_sources
 *fill*         0x00000d66        0x2 
 .text._oscctrl_init_referenced_generators
                0x00000d68       0xe8 hpl/oscctrl/hpl_oscctrl.o
                0x00000d68                _oscctrl_init_referenced_generators
 .text.RAMECC_Handler
                0x00000e50       0x44 hpl/ramecc/hpl_ramecc.o
                0x00000e50                RAMECC_Handler
 .text._sercom_get_hardware_index
                0x00000e94       0x40 hpl/sercom/hpl_sercom.o
 .text._get_sercom_index
                0x00000ed4       0x48 hpl/sercom/hpl_sercom.o
 .text._usart_init
                0x00000f1c      0x100 hpl/sercom/hpl_sercom.o
 .text._usart_sync_init
                0x0000101c       0x2c hpl/sercom/hpl_sercom.o
                0x0000101c                _usart_sync_init
 .text._usart_sync_enable
                0x00001048       0x14 hpl/sercom/hpl_sercom.o
                0x00001048                _usart_sync_enable
 .text._usart_sync_write_byte
                0x0000105c        0x6 hpl/sercom/hpl_sercom.o
                0x0000105c                _usart_sync_write_byte
 .text._usart_sync_read_byte
                0x00001062        0x8 hpl/sercom/hpl_sercom.o
                0x00001062                _usart_sync_read_byte
 .text._usart_sync_is_ready_to_send
                0x0000106a        0xa hpl/sercom/hpl_sercom.o
                0x0000106a                _usart_sync_is_ready_to_send
 .text._usart_sync_is_transmit_done
                0x00001074        0xa hpl/sercom/hpl_sercom.o
                0x00001074                _usart_sync_is_transmit_done
 .text._usart_sync_is_byte_received
                0x0000107e        0xa hpl/sercom/hpl_sercom.o
                0x0000107e                _usart_sync_is_byte_received
 .text._spi_m_sync_init
                0x00001088      0x17c hpl/sercom/hpl_sercom.o
                0x00001088                _spi_m_sync_init
 .text._spi_m_sync_trans
                0x00001204      0x100 hpl/sercom/hpl_sercom.o
                0x00001204                _spi_m_sync_trans
 .text.main     0x00001304       0x18 main.o
                0x00001304                main
 .text._read    0x0000131c       0x24 stdio_redirect/gcc/read.o
                0x0000131c                _read
 .text._write   0x00001340       0x28 stdio_redirect/gcc/write.o
                0x00001340                _write
 .text.stdio_io_init
                0x00001368       0x2c stdio_redirect/stdio_io.o
                0x00001368                stdio_io_init
 .text.stdio_io_read
                0x00001394       0x24 stdio_redirect/stdio_io.o
                0x00001394                stdio_io_read
 .text.stdio_io_write
                0x000013b8       0x24 stdio_redirect/stdio_io.o
                0x000013b8                stdio_io_write
 .text.stdio_redirect_init
                0x000013dc       0x20 stdio_start.o
                0x000013dc                stdio_redirect_init
 .text.__errno  0x000013fc        0xc c:/program files (x86)/atmel/studio/7.0/toolchain/arm/arm-gnu-toolchain/bin/../lib/gcc/arm-none-eabi/6.3.1/../../../../arm-none-eabi/lib/thumb/v7e-m\libc_nano.a(lib_a-errno.o)
                0x000013fc                __errno
 .text.__libc_init_array
                0x00001408       0x48 c:/program files (x86)/atmel/studio/7.0/toolchain/arm/arm-gnu-toolchain/bin/../lib/gcc/arm-none-eabi/6.3.1/../../../../arm-none-eabi/lib/thumb/v7e-m\libc_nano.a(lib_a-init.o)
                0x00001408                __libc_init_array
 .text.malloc   0x00001450       0x10 c:/program files (x86)/atmel/studio/7.0/toolchain/arm/arm-gnu-toolchain/bin/../lib/gcc/arm-none-eabi/6.3.1/../../../../arm-none-eabi/lib/thumb/v7e-m\libc_nano.a(lib_a-malloc.o)
                0x00001450                malloc
 .text.memset   0x00001460       0x10 c:/program files (x86)/atmel/studio/7.0/toolchain/arm/arm-gnu-toolchain/bin/../lib/gcc/arm-none-eabi/6.3.1/../../../../arm-none-eabi/lib/thumb/v7e-m\libc_nano.a(lib_a-memset.o)
                0x00001460                memset
 .text._free_r  0x00001470       0x9c c:/program files (x86)/atmel/studio/7.0/toolchain/arm/arm-gnu-toolchain/bin/../lib/gcc/arm-none-eabi/6.3.1/../../../../arm-none-eabi/lib/thumb/v7e-m\libc_nano.a(lib_a-nano-freer.o)
                0x00001470                _free_r
 .text._malloc_r
                0x0000150c       0xbc c:/program files (x86)/atmel/studio/7.0/toolchain/arm/arm-gnu-toolchain/bin/../lib/gcc/arm-none-eabi/6.3.1/../../../../arm-none-eabi/lib/thumb/v7e-m\libc_nano.a(lib_a-nano-mallocr.o)
                0x0000150c                _malloc_r
 .text.printf   0x000015c8       0x30 c:/program files (x86)/atmel/studio/7.0/toolchain/arm/arm-gnu-toolchain/bin/../lib/gcc/arm-none-eabi/6.3.1/../../../../arm-none-eabi/lib/thumb/v7e-m\libc_nano.a(lib_a-printf.o)
                0x000015c8                iprintf
                0x000015c8                printf
 .text._sbrk_r  0x000015f8       0x20 c:/program files (x86)/atmel/studio/7.0/toolchain/arm/arm-gnu-toolchain/bin/../lib/gcc/arm-none-eabi/6.3.1/../../../../arm-none-eabi/lib/thumb/v7e-m\libc_nano.a(lib_a-sbrkr.o)
                0x000015f8                _sbrk_r
 .text.setbuf   0x00001618       0x10 c:/program files (x86)/atmel/studio/7.0/toolchain/arm/arm-gnu-toolchain/bin/../lib/gcc/arm-none-eabi/6.3.1/../../../../arm-none-eabi/lib/thumb/v7e-m\libc_nano.a(lib_a-setbuf.o)
                0x00001618                setbuf
 .text.setvbuf  0x00001628      0x15c c:/program files (x86)/atmel/studio/7.0/toolchain/arm/arm-gnu-toolchain/bin/../lib/gcc/arm-none-eabi/6.3.1/../../../../arm-none-eabi/lib/thumb/v7e-m\libc_nano.a(lib_a-setvbuf.o)
                0x00001628                setvbuf
 .text._strerror_r
                0x00001784      0x3cc c:/program files (x86)/atmel/studio/7.0/toolchain/arm/arm-gnu-toolchain/bin/../lib/gcc/arm-none-eabi/6.3.1/../../../../arm-none-eabi/lib/thumb/v7e-m\libc_nano.a(lib_a-strerror.o)
                0x00001784                _strerror_r
 .text.strerror
                0x00001b50       0x14 c:/program files (x86)/atmel/studio/7.0/toolchain/arm/arm-gnu-toolchain/bin/../lib/gcc/arm-none-eabi/6.3.1/../../../../arm-none-eabi/lib/thumb/v7e-m\libc_nano.a(lib_a-strerror.o)
                0x00001b50                strerror
 .text          0x00001b64       0x10 c:/program files (x86)/atmel/studio/7.0/toolchain/arm/arm-gnu-toolchain/bin/../lib/gcc/arm-none-eabi/6.3.1/../../../../arm-none-eabi/lib/thumb/v7e-m\libc_nano.a(lib_a-strlen.o)
                0x00001b64                strlen
 .text._user_strerror
                0x00001b74        0x4 c:/program files (x86)/atmel/studio/7.0/toolchain/arm/arm-gnu-toolchain/bin/../lib/gcc/arm-none-eabi/6.3.1/../../../../arm-none-eabi/lib/thumb/v7e-m\libc_nano.a(lib_a-u_strerr.o)
                0x00001b74                _user_strerror
 .text.__swbuf_r
                0x00001b78       0xa4 c:/program files (x86)/atmel/studio/7.0/toolchain/arm/arm-gnu-toolchain/bin/../lib/gcc/arm-none-eabi/6.3.1/../../../../arm-none-eabi/lib/thumb/v7e-m\libc_nano.a(lib_a-wbuf.o)
                0x00001b78                __swbuf_r
 .text.__swsetup_r
                0x00001c1c       0xdc c:/program files (x86)/atmel/studio/7.0/toolchain/arm/arm-gnu-toolchain/bin/../lib/gcc/arm-none-eabi/6.3.1/../../../../arm-none-eabi/lib/thumb/v7e-m\libc_nano.a(lib_a-wsetup.o)
                0x00001c1c                __swsetup_r
 .text.__sflush_r
                0x00001cf8      0x110 c:/program files (x86)/atmel/studio/7.0/toolchain/arm/arm-gnu-toolchain/bin/../lib/gcc/arm-none-eabi/6.3.1/../../../../arm-none-eabi/lib/thumb/v7e-m\libc_nano.a(lib_a-fflush.o)
                0x00001cf8                __sflush_r
 .text._fflush_r
                0x00001e08       0x54 c:/program files (x86)/atmel/studio/7.0/toolchain/arm/arm-gnu-toolchain/bin/../lib/gcc/arm-none-eabi/6.3.1/../../../../arm-none-eabi/lib/thumb/v7e-m\libc_nano.a(lib_a-fflush.o)
                0x00001e08                _fflush_r
 .text._cleanup_r
                0x00001e5c        0xc c:/program files (x86)/atmel/studio/7.0/toolchain/arm/arm-gnu-toolchain/bin/../lib/gcc/arm-none-eabi/6.3.1/../../../../arm-none-eabi/lib/thumb/v7e-m\libc_nano.a(lib_a-findfp.o)
                0x00001e5c                _cleanup_r
 .text.std.isra.0
                0x00001e68       0x48 c:/program files (x86)/atmel/studio/7.0/toolchain/arm/arm-gnu-toolchain/bin/../lib/gcc/arm-none-eabi/6.3.1/../../../../arm-none-eabi/lib/thumb/v7e-m\libc_nano.a(lib_a-findfp.o)
 .text.__sfmoreglue
                0x00001eb0       0x2c c:/program files (x86)/atmel/studio/7.0/toolchain/arm/arm-gnu-toolchain/bin/../lib/gcc/arm-none-eabi/6.3.1/../../../../arm-none-eabi/lib/thumb/v7e-m\libc_nano.a(lib_a-findfp.o)
                0x00001eb0                __sfmoreglue
 .text.__sinit  0x00001edc       0x60 c:/program files (x86)/atmel/studio/7.0/toolchain/arm/arm-gnu-toolchain/bin/../lib/gcc/arm-none-eabi/6.3.1/../../../../arm-none-eabi/lib/thumb/v7e-m\libc_nano.a(lib_a-findfp.o)
                0x00001edc                __sinit
 .text.__sfp    0x00001f3c       0x78 c:/program files (x86)/atmel/studio/7.0/toolchain/arm/arm-gnu-toolchain/bin/../lib/gcc/arm-none-eabi/6.3.1/../../../../arm-none-eabi/lib/thumb/v7e-m\libc_nano.a(lib_a-findfp.o)
                0x00001f3c                __sfp
 .text._fwalk_reent
                0x00001fb4       0x3c c:/program files (x86)/atmel/studio/7.0/toolchain/arm/arm-gnu-toolchain/bin/../lib/gcc/arm-none-eabi/6.3.1/../../../../arm-none-eabi/lib/thumb/v7e-m\libc_nano.a(lib_a-fwalk.o)
                0x00001fb4                _fwalk_reent
 .text.__swhatbuf_r
                0x00001ff0       0x48 c:/program files (x86)/atmel/studio/7.0/toolchain/arm/arm-gnu-toolchain/bin/../lib/gcc/arm-none-eabi/6.3.1/../../../../arm-none-eabi/lib/thumb/v7e-m\libc_nano.a(lib_a-makebuf.o)
                0x00001ff0                __swhatbuf_r
 .text.__smakebuf_r
                0x00002038       0x80 c:/program files (x86)/atmel/studio/7.0/toolchain/arm/arm-gnu-toolchain/bin/../lib/gcc/arm-none-eabi/6.3.1/../../../../arm-none-eabi/lib/thumb/v7e-m\libc_nano.a(lib_a-makebuf.o)
                0x00002038                __smakebuf_r
 .text.__malloc_lock
                0x000020b8        0x2 c:/program files (x86)/atmel/studio/7.0/toolchain/arm/arm-gnu-toolchain/bin/../lib/gcc/arm-none-eabi/6.3.1/../../../../arm-none-eabi/lib/thumb/v7e-m\libc_nano.a(lib_a-mlock.o)
                0x000020b8                __malloc_lock
 .text.__malloc_unlock
                0x000020ba        0x2 c:/program files (x86)/atmel/studio/7.0/toolchain/arm/arm-gnu-toolchain/bin/../lib/gcc/arm-none-eabi/6.3.1/../../../../arm-none-eabi/lib/thumb/v7e-m\libc_nano.a(lib_a-mlock.o)
                0x000020ba                __malloc_unlock
 .text.__sfputc_r
                0x000020bc       0x2c c:/program files (x86)/atmel/studio/7.0/toolchain/arm/arm-gnu-toolchain/bin/../lib/gcc/arm-none-eabi/6.3.1/../../../../arm-none-eabi/lib/thumb/v7e-m\libc_nano.a(lib_a-nano-vfprintf.o)
 .text.__sfputs_r
                0x000020e8       0x24 c:/program files (x86)/atmel/studio/7.0/toolchain/arm/arm-gnu-toolchain/bin/../lib/gcc/arm-none-eabi/6.3.1/../../../../arm-none-eabi/lib/thumb/v7e-m\libc_nano.a(lib_a-nano-vfprintf.o)
                0x000020e8                __sfputs_r
 .text._vfprintf_r
                0x0000210c      0x22c c:/program files (x86)/atmel/studio/7.0/toolchain/arm/arm-gnu-toolchain/bin/../lib/gcc/arm-none-eabi/6.3.1/../../../../arm-none-eabi/lib/thumb/v7e-m\libc_nano.a(lib_a-nano-vfprintf.o)
                0x0000210c                _vfprintf_r
                0x0000210c                _vfiprintf_r
 .text._printf_common
                0x00002338       0xec c:/program files (x86)/atmel/studio/7.0/toolchain/arm/arm-gnu-toolchain/bin/../lib/gcc/arm-none-eabi/6.3.1/../../../../arm-none-eabi/lib/thumb/v7e-m\libc_nano.a(lib_a-nano-vfprintf_i.o)
                0x00002338                _printf_common
 .text._printf_i
                0x00002424      0x240 c:/program files (x86)/atmel/studio/7.0/toolchain/arm/arm-gnu-toolchain/bin/../lib/gcc/arm-none-eabi/6.3.1/../../../../arm-none-eabi/lib/thumb/v7e-m\libc_nano.a(lib_a-nano-vfprintf_i.o)
                0x00002424                _printf_i
 .text.__sread  0x00002664       0x22 c:/program files (x86)/atmel/studio/7.0/toolchain/arm/arm-gnu-toolchain/bin/../lib/gcc/arm-none-eabi/6.3.1/../../../../arm-none-eabi/lib/thumb/v7e-m\libc_nano.a(lib_a-stdio.o)
                0x00002664                __sread
 .text.__swrite
                0x00002686       0x38 c:/program files (x86)/atmel/studio/7.0/toolchain/arm/arm-gnu-toolchain/bin/../lib/gcc/arm-none-eabi/6.3.1/../../../../arm-none-eabi/lib/thumb/v7e-m\libc_nano.a(lib_a-stdio.o)
                0x00002686                __swrite
 .text.__sseek  0x000026be       0x24 c:/program files (x86)/atmel/studio/7.0/toolchain/arm/arm-gnu-toolchain/bin/../lib/gcc/arm-none-eabi/6.3.1/../../../../arm-none-eabi/lib/thumb/v7e-m\libc_nano.a(lib_a-stdio.o)
                0x000026be                __sseek
 .text.__sclose
                0x000026e2        0x8 c:/program files (x86)/atmel/studio/7.0/toolchain/arm/arm-gnu-toolchain/bin/../lib/gcc/arm-none-eabi/6.3.1/../../../../arm-none-eabi/lib/thumb/v7e-m\libc_nano.a(lib_a-stdio.o)
                0x000026e2                __sclose
 *fill*         0x000026ea        0x2 
 .text._write_r
                0x000026ec       0x24 c:/program files (x86)/atmel/studio/7.0/toolchain/arm/arm-gnu-toolchain/bin/../lib/gcc/arm-none-eabi/6.3.1/../../../../arm-none-eabi/lib/thumb/v7e-m\libc_nano.a(lib_a-writer.o)
                0x000026ec                _write_r
 .text._close_r
                0x00002710       0x20 c:/program files (x86)/atmel/studio/7.0/toolchain/arm/arm-gnu-toolchain/bin/../lib/gcc/arm-none-eabi/6.3.1/../../../../arm-none-eabi/lib/thumb/v7e-m\libc_nano.a(lib_a-closer.o)
                0x00002710                _close_r
 .text._fstat_r
                0x00002730       0x24 c:/program files (x86)/atmel/studio/7.0/toolchain/arm/arm-gnu-toolchain/bin/../lib/gcc/arm-none-eabi/6.3.1/../../../../arm-none-eabi/lib/thumb/v7e-m\libc_nano.a(lib_a-fstatr.o)
                0x00002730                _fstat_r
 .text._isatty_r
                0x00002754       0x20 c:/program files (x86)/atmel/studio/7.0/toolchain/arm/arm-gnu-toolchain/bin/../lib/gcc/arm-none-eabi/6.3.1/../../../../arm-none-eabi/lib/thumb/v7e-m\libc_nano.a(lib_a-isattyr.o)
                0x00002754                _isatty_r
 .text._lseek_r
                0x00002774       0x24 c:/program files (x86)/atmel/studio/7.0/toolchain/arm/arm-gnu-toolchain/bin/../lib/gcc/arm-none-eabi/6.3.1/../../../../arm-none-eabi/lib/thumb/v7e-m\libc_nano.a(lib_a-lseekr.o)
                0x00002774                _lseek_r
 *fill*         0x00002798        0x8 
 .text          0x000027a0       0xa0 c:/program files (x86)/atmel/studio/7.0/toolchain/arm/arm-gnu-toolchain/bin/../lib/gcc/arm-none-eabi/6.3.1/../../../../arm-none-eabi/lib/thumb/v7e-m\libc_nano.a(lib_a-memchr.o)
                0x000027a0                memchr
 .text._read_r  0x00002840       0x24 c:/program files (x86)/atmel/studio/7.0/toolchain/arm/arm-gnu-toolchain/bin/../lib/gcc/arm-none-eabi/6.3.1/../../../../arm-none-eabi/lib/thumb/v7e-m\libc_nano.a(lib_a-readr.o)
                0x00002840                _read_r
 *(.glue_7t)
 .glue_7t       0x00002864        0x0 linker stubs
 *(.glue_7)
 .glue_7        0x00002864        0x0 linker stubs
 *(.rodata .rodata* .gnu.linkonce.r.*)
 .rodata.str1.4
                0x00002864       0x65 dma_m2m_main.o
 *fill*         0x000028c9        0x3 
 .rodata.str1.4
                0x000028cc       0x14 hal/src/hal_io.o
 .rodata.str1.4
                0x000028e0       0x1c hal/src/hal_spi_m_sync.o
 .rodata.str1.4
                0x000028fc       0x1c hal/src/hal_usart_sync.o
 .rodata        0x00002918       0x89 hpl/sercom/hpl_sercom.o
 *fill*         0x000029a1        0x3 
 .rodata.str1.4
                0x000029a4       0x1c hpl/sercom/hpl_sercom.o
                                 0x1b (size before relaxing)
 .rodata._global_impure_ptr
                0x000029c0        0x4 c:/program files (x86)/atmel/studio/7.0/toolchain/arm/arm-gnu-toolchain/bin/../lib/gcc/arm-none-eabi/6.3.1/../../../../arm-none-eabi/lib/thumb/v7e-m\libc_nano.a(lib_a-impure.o)
                0x000029c0                _global_impure_ptr
 .rodata._strerror_r.str1.1
                0x000029c4      0x696 c:/program files (x86)/atmel/studio/7.0/toolchain/arm/arm-gnu-toolchain/bin/../lib/gcc/arm-none-eabi/6.3.1/../../../../arm-none-eabi/lib/thumb/v7e-m\libc_nano.a(lib_a-strerror.o)
                                0x697 (size before relaxing)
 *fill*         0x0000305a        0x2 
 .rodata.__sf_fake_stderr
                0x0000305c       0x20 c:/program files (x86)/atmel/studio/7.0/toolchain/arm/arm-gnu-toolchain/bin/../lib/gcc/arm-none-eabi/6.3.1/../../../../arm-none-eabi/lib/thumb/v7e-m\libc_nano.a(lib_a-findfp.o)
                0x0000305c                __sf_fake_stderr
 .rodata.__sf_fake_stdin
                0x0000307c       0x20 c:/program files (x86)/atmel/studio/7.0/toolchain/arm/arm-gnu-toolchain/bin/../lib/gcc/arm-none-eabi/6.3.1/../../../../arm-none-eabi/lib/thumb/v7e-m\libc_nano.a(lib_a-findfp.o)
                0x0000307c                __sf_fake_stdin
 .rodata.__sf_fake_stdout
                0x0000309c       0x20 c:/program files (x86)/atmel/studio/7.0/toolchain/arm/arm-gnu-toolchain/bin/../lib/gcc/arm-none-eabi/6.3.1/../../../../arm-none-eabi/lib/thumb/v7e-m\libc_nano.a(lib_a-findfp.o)
                0x0000309c                __sf_fake_stdout
 .rodata._vfprintf_r.str1.1
                0x000030bc       0x11 c:/program files (x86)/atmel/studio/7.0/toolchain/arm/arm-gnu-toolchain/bin/../lib/gcc/arm-none-eabi/6.3.1/../../../../arm-none-eabi/lib/thumb/v7e-m\libc_nano.a(lib_a-nano-vfprintf.o)
 .rodata._printf_i.str1.1
                0x000030cd       0x22 c:/program files (x86)/atmel/studio/7.0/toolchain/arm/arm-gnu-toolchain/bin/../lib/gcc/arm-none-eabi/6.3.1/../../../../arm-none-eabi/lib/thumb/v7e-m\libc_nano.a(lib_a-nano-vfprintf_i.o)
 *(.ARM.extab* .gnu.linkonce.armextab.*)
                0x000030f0                . = ALIGN (0x4)
 *fill*         0x000030ef        0x1 
 *(.init)
 .init          0x000030f0        0x4 c:/program files (x86)/atmel/studio/7.0/toolchain/arm/arm-gnu-toolchain/bin/../lib/gcc/arm-none-eabi/6.3.1/thumb/v7e-m/crti.o
                0x000030f0                _init
 .init          0x000030f4        0x8 c:/program files (x86)/atmel/studio/7.0/toolchain/arm/arm-gnu-toolchain/bin/../lib/gcc/arm-none-eabi/6.3.1/thumb/v7e-m/crtn.o
                0x000030fc                . = ALIGN (0x4)
                0x000030fc                __preinit_array_start = .
 *(.preinit_array)
                0x000030fc                __preinit_array_end = .
                0x000030fc                . = ALIGN (0x4)
                0x000030fc                __init_array_start = .
 *(SORT(.init_array.*))
 *(.init_array)
 .init_array    0x000030fc        0x4 c:/program files (x86)/atmel/studio/7.0/toolchain/arm/arm-gnu-toolchain/bin/../lib/gcc/arm-none-eabi/6.3.1/thumb/v7e-m/crtbegin.o
                0x00003100                __init_array_end = .
                0x00003100                . = ALIGN (0x4)
 *crtbegin.o(.ctors)
 *(EXCLUDE_FILE(*crtend.o) .ctors)
 *(SORT(.ctors.*))
 *crtend.o(.ctors)
                0x00003100                . = ALIGN (0x4)
 *(.fini)
 .fini          0x00003100        0x4 c:/program files (x86)/atmel/studio/7.0/toolchain/arm/arm-gnu-toolchain/bin/../lib/gcc/arm-none-eabi/6.3.1/thumb/v7e-m/crti.o
                0x00003100                _fini
 .fini          0x00003104        0x8 c:/program files (x86)/atmel/studio/7.0/toolchain/arm/arm-gnu-toolchain/bin/../lib/gcc/arm-none-eabi/6.3.1/thumb/v7e-m/crtn.o
                0x0000310c                . = ALIGN (0x4)
                0x0000310c                __fini_array_start = .
 *(.fini_array)
 .fini_array    0x0000310c        0x4 c:/program files (x86)/atmel/studio/7.0/toolchain/arm/arm-gnu-toolchain/bin/../lib/gcc/arm-none-eabi/6.3.1/thumb/v7e-m/crtbegin.o
 *(SORT(.fini_array.*))
                0x00003110                __fini_array_end = .
 *crtbegin.o(.dtors)
 *(EXCLUDE_FILE(*crtend.o) .dtors)
 *(SORT(.dtors.*))
 *crtend.o(.dtors)
                0x00003110                . = ALIGN (0x4)
                0x00003110                _efixed = .
                [!provide]                PROVIDE (__exidx_start, .)

.vfp11_veneer   0x00003110        0x0
 .vfp11_veneer  0x00003110        0x0 linker stubs

.v4_bx          0x00003110        0x0
 .v4_bx         0x00003110        0x0 linker stubs

.iplt           0x00003110        0x0
 .iplt          0x00003110        0x0 c:/program files (x86)/atmel/studio/7.0/toolchain/arm/arm-gnu-toolchain/bin/../lib/gcc/arm-none-eabi/6.3.1/thumb/v7e-m/crtbegin.o

.eh_frame       0x00003110        0x0
 .eh_frame      0x00003110        0x0 c:/program files (x86)/atmel/studio/7.0/toolchain/arm/arm-gnu-toolchain/bin/../lib/gcc/arm-none-eabi/6.3.1/thumb/v7e-m/crtbegin.o

.rel.dyn        0x00003110        0x0
 .rel.iplt      0x00003110        0x0 c:/program files (x86)/atmel/studio/7.0/toolchain/arm/arm-gnu-toolchain/bin/../lib/gcc/arm-none-eabi/6.3.1/thumb/v7e-m/crtbegin.o

.jcr            0x00003110        0x0
 .jcr           0x00003110        0x0 c:/program files (x86)/atmel/studio/7.0/toolchain/arm/arm-gnu-toolchain/bin/../lib/gcc/arm-none-eabi/6.3.1/thumb/v7e-m/crtbegin.o

.igot.plt       0x00003110        0x0
 .igot.plt      0x00003110        0x0 c:/program files (x86)/atmel/studio/7.0/toolchain/arm/arm-gnu-toolchain/bin/../lib/gcc/arm-none-eabi/6.3.1/thumb/v7e-m/crtbegin.o

.ARM.exidx
 *(.ARM.exidx* .gnu.linkonce.armexidx.*)
                [!provide]                PROVIDE (__exidx_end, .)
                0x00003110                . = ALIGN (0x4)
                0x00003110                _etext = .

.relocate       0x20000000       0x64 load address 0x00003110
                0x20000000                . = ALIGN (0x4)
                0x20000000                _srelocate = .
 *(.ramfunc .ramfunc.*)
 *(.data .data.*)
 .data._impure_ptr
                0x20000000        0x4 c:/program files (x86)/atmel/studio/7.0/toolchain/arm/arm-gnu-toolchain/bin/../lib/gcc/arm-none-eabi/6.3.1/../../../../arm-none-eabi/lib/thumb/v7e-m\libc_nano.a(lib_a-impure.o)
                0x20000000                _impure_ptr
 .data.impure_data
                0x20000004       0x60 c:/program files (x86)/atmel/studio/7.0/toolchain/arm/arm-gnu-toolchain/bin/../lib/gcc/arm-none-eabi/6.3.1/../../../../arm-none-eabi/lib/thumb/v7e-m\libc_nano.a(lib_a-impure.o)
                0x20000064                . = ALIGN (0x4)
                0x20000064                _erelocate = .

.bkupram        0x47000000        0x0
                0x47000000                . = ALIGN (0x8)
                0x47000000                _sbkupram = .
 *(.bkupram .bkupram.*)
                0x47000000                . = ALIGN (0x8)
                0x47000000                _ebkupram = .

.qspi           0x04000000        0x0
                0x04000000                . = ALIGN (0x8)
                0x04000000                _sqspi = .
 *(.qspi .qspi.*)
                0x04000000                . = ALIGN (0x8)
                0x04000000                _eqspi = .

.bss            0x20000070      0x604 load address 0x00003180
                0x20000070                . = ALIGN (0x4)
                0x20000070                _sbss = .
                0x20000070                _szero = .
 *(.bss .bss.*)
 .bss           0x20000070       0x1c c:/program files (x86)/atmel/studio/7.0/toolchain/arm/arm-gnu-toolchain/bin/../lib/gcc/arm-none-eabi/6.3.1/thumb/v7e-m/crtbegin.o
 .bss           0x2000008c       0x10 dma_m2m/dma_memory.o
 .bss           0x2000009c        0x1 dma_m2m_main.o
 *fill*         0x2000009d        0x3 
 .bss           0x200000a0        0x4 hal/utils/src/utils_syscalls.o
 .bss           0x200000a4      0x180 hpl/dmac/hpl_dmac.o
 .bss           0x20000224        0x4 stdio_redirect/stdio_io.o
 .bss.__malloc_free_list
                0x20000228        0x4 c:/program files (x86)/atmel/studio/7.0/toolchain/arm/arm-gnu-toolchain/bin/../lib/gcc/arm-none-eabi/6.3.1/../../../../arm-none-eabi/lib/thumb/v7e-m\libc_nano.a(lib_a-nano-mallocr.o)
                0x20000228                __malloc_free_list
 .bss.__malloc_sbrk_start
                0x2000022c        0x4 c:/program files (x86)/atmel/studio/7.0/toolchain/arm/arm-gnu-toolchain/bin/../lib/gcc/arm-none-eabi/6.3.1/../../../../arm-none-eabi/lib/thumb/v7e-m\libc_nano.a(lib_a-nano-mallocr.o)
                0x2000022c                __malloc_sbrk_start
 *(COMMON)
 COMMON         0x20000230       0x30 driver_init.o
                0x20000230                TARGET_IO
                0x2000023c                SPI_0
                0x20000254                USART_0
 COMMON         0x20000260      0x400 hpl/dmac/hpl_dmac.o
                0x20000260                _descriptor_section
                0x20000460                _write_back_section
 COMMON         0x20000660       0x10 hpl/ramecc/hpl_ramecc.o
                0x20000660                device
 COMMON         0x20000670        0x4 c:/program files (x86)/atmel/studio/7.0/toolchain/arm/arm-gnu-toolchain/bin/../lib/gcc/arm-none-eabi/6.3.1/../../../../arm-none-eabi/lib/thumb/v7e-m\libc_nano.a(lib_a-reent.o)
                0x20000670                errno
                0x20000674                . = ALIGN (0x4)
                0x20000674                _ebss = .
                0x20000674                _ezero = .

.stack          0x20000674    0x10004 load address 0x00003784
                0x20000678                . = ALIGN (0x8)
 *fill*         0x20000674        0x4 
                0x20000678                _sstack = .
                0x20010678                . = (. + STACK_SIZE)
 *fill*         0x20000678    0x10000 
                0x20010678                . = ALIGN (0x8)
                0x20010678                _estack = .
                0x20010678                . = ALIGN (0x4)
                0x20010678                _end = .
OUTPUT(SPI_USART_DMA.elf elf32-littlearm)

.ARM.attributes
                0x00000000       0x2e
 .ARM.attributes
                0x00000000       0x1e c:/program files (x86)/atmel/studio/7.0/toolchain/arm/arm-gnu-toolchain/bin/../lib/gcc/arm-none-eabi/6.3.1/thumb/v7e-m/crti.o
 .ARM.attributes
                0x0000001e       0x2e c:/program files (x86)/atmel/studio/7.0/toolchain/arm/arm-gnu-toolchain/bin/../lib/gcc/arm-none-eabi/6.3.1/thumb/v7e-m/crtbegin.o
 .ARM.attributes
                0x0000004c       0x37 atmel_start.o
 .ARM.attributes
                0x00000083       0x37 Device_Startup/startup_same54.o
 .ARM.attributes
                0x000000ba       0x37 dma_m2m/dma_memory.o
 .ARM.attributes
                0x000000f1       0x37 dma_m2m_main.o
 .ARM.attributes
                0x00000128       0x37 driver_init.o
 .ARM.attributes
                0x0000015f       0x37 hal/src/hal_io.o
 .ARM.attributes
                0x00000196       0x37 hal/src/hal_spi_m_sync.o
 .ARM.attributes
                0x000001cd       0x37 hal/src/hal_usart_sync.o
 .ARM.attributes
                0x00000204       0x37 hal/utils/src/utils_assert.o
 .ARM.attributes
                0x0000023b       0x37 hal/utils/src/utils_syscalls.o
 .ARM.attributes
                0x00000272       0x37 hpl/core/hpl_init.o
 .ARM.attributes
                0x000002a9       0x37 hpl/dmac/hpl_dmac.o
 .ARM.attributes
                0x000002e0       0x37 hpl/gclk/hpl_gclk.o
 .ARM.attributes
                0x00000317       0x37 hpl/mclk/hpl_mclk.o
 .ARM.attributes
                0x0000034e       0x37 hpl/osc32kctrl/hpl_osc32kctrl.o
 .ARM.attributes
                0x00000385       0x37 hpl/oscctrl/hpl_oscctrl.o
 .ARM.attributes
                0x000003bc       0x37 hpl/ramecc/hpl_ramecc.o
 .ARM.attributes
                0x000003f3       0x37 hpl/sercom/hpl_sercom.o
 .ARM.attributes
                0x0000042a       0x37 main.o
 .ARM.attributes
                0x00000461       0x37 stdio_redirect/gcc/read.o
 .ARM.attributes
                0x00000498       0x37 stdio_redirect/gcc/write.o
 .ARM.attributes
                0x000004cf       0x37 stdio_redirect/stdio_io.o
 .ARM.attributes
                0x00000506       0x37 stdio_start.o
 .ARM.attributes
                0x0000053d       0x2e c:/program files (x86)/atmel/studio/7.0/toolchain/arm/arm-gnu-toolchain/bin/../lib/gcc/arm-none-eabi/6.3.1/../../../../arm-none-eabi/lib/thumb/v7e-m\libc_nano.a(lib_a-errno.o)
 .ARM.attributes
                0x0000056b       0x2e c:/program files (x86)/atmel/studio/7.0/toolchain/arm/arm-gnu-toolchain/bin/../lib/gcc/arm-none-eabi/6.3.1/../../../../arm-none-eabi/lib/thumb/v7e-m\libc_nano.a(lib_a-impure.o)
 .ARM.attributes
                0x00000599       0x2e c:/program files (x86)/atmel/studio/7.0/toolchain/arm/arm-gnu-toolchain/bin/../lib/gcc/arm-none-eabi/6.3.1/../../../../arm-none-eabi/lib/thumb/v7e-m\libc_nano.a(lib_a-init.o)
 .ARM.attributes
                0x000005c7       0x2e c:/program files (x86)/atmel/studio/7.0/toolchain/arm/arm-gnu-toolchain/bin/../lib/gcc/arm-none-eabi/6.3.1/../../../../arm-none-eabi/lib/thumb/v7e-m\libc_nano.a(lib_a-malloc.o)
 .ARM.attributes
                0x000005f5       0x2e c:/program files (x86)/atmel/studio/7.0/toolchain/arm/arm-gnu-toolchain/bin/../lib/gcc/arm-none-eabi/6.3.1/../../../../arm-none-eabi/lib/thumb/v7e-m\libc_nano.a(lib_a-memset.o)
 .ARM.attributes
                0x00000623       0x2e c:/program files (x86)/atmel/studio/7.0/toolchain/arm/arm-gnu-toolchain/bin/../lib/gcc/arm-none-eabi/6.3.1/../../../../arm-none-eabi/lib/thumb/v7e-m\libc_nano.a(lib_a-nano-freer.o)
 .ARM.attributes
                0x00000651       0x2e c:/program files (x86)/atmel/studio/7.0/toolchain/arm/arm-gnu-toolchain/bin/../lib/gcc/arm-none-eabi/6.3.1/../../../../arm-none-eabi/lib/thumb/v7e-m\libc_nano.a(lib_a-nano-mallocr.o)
 .ARM.attributes
                0x0000067f       0x2e c:/program files (x86)/atmel/studio/7.0/toolchain/arm/arm-gnu-toolchain/bin/../lib/gcc/arm-none-eabi/6.3.1/../../../../arm-none-eabi/lib/thumb/v7e-m\libc_nano.a(lib_a-printf.o)
 .ARM.attributes
                0x000006ad       0x2e c:/program files (x86)/atmel/studio/7.0/toolchain/arm/arm-gnu-toolchain/bin/../lib/gcc/arm-none-eabi/6.3.1/../../../../arm-none-eabi/lib/thumb/v7e-m\libc_nano.a(lib_a-sbrkr.o)
 .ARM.attributes
                0x000006db       0x2e c:/program files (x86)/atmel/studio/7.0/toolchain/arm/arm-gnu-toolchain/bin/../lib/gcc/arm-none-eabi/6.3.1/../../../../arm-none-eabi/lib/thumb/v7e-m\libc_nano.a(lib_a-setbuf.o)
 .ARM.attributes
                0x00000709       0x2e c:/program files (x86)/atmel/studio/7.0/toolchain/arm/arm-gnu-toolchain/bin/../lib/gcc/arm-none-eabi/6.3.1/../../../../arm-none-eabi/lib/thumb/v7e-m\libc_nano.a(lib_a-setvbuf.o)
 .ARM.attributes
                0x00000737       0x2e c:/program files (x86)/atmel/studio/7.0/toolchain/arm/arm-gnu-toolchain/bin/../lib/gcc/arm-none-eabi/6.3.1/../../../../arm-none-eabi/lib/thumb/v7e-m\libc_nano.a(lib_a-strerror.o)
 .ARM.attributes
                0x00000765       0x17 c:/program files (x86)/atmel/studio/7.0/toolchain/arm/arm-gnu-toolchain/bin/../lib/gcc/arm-none-eabi/6.3.1/../../../../arm-none-eabi/lib/thumb/v7e-m\libc_nano.a(lib_a-strlen.o)
 .ARM.attributes
                0x0000077c       0x2e c:/program files (x86)/atmel/studio/7.0/toolchain/arm/arm-gnu-toolchain/bin/../lib/gcc/arm-none-eabi/6.3.1/../../../../arm-none-eabi/lib/thumb/v7e-m\libc_nano.a(lib_a-u_strerr.o)
 .ARM.attributes
                0x000007aa       0x2e c:/program files (x86)/atmel/studio/7.0/toolchain/arm/arm-gnu-toolchain/bin/../lib/gcc/arm-none-eabi/6.3.1/../../../../arm-none-eabi/lib/thumb/v7e-m\libc_nano.a(lib_a-wbuf.o)
 .ARM.attributes
                0x000007d8       0x2e c:/program files (x86)/atmel/studio/7.0/toolchain/arm/arm-gnu-toolchain/bin/../lib/gcc/arm-none-eabi/6.3.1/../../../../arm-none-eabi/lib/thumb/v7e-m\libc_nano.a(lib_a-wsetup.o)
 .ARM.attributes
                0x00000806       0x2e c:/program files (x86)/atmel/studio/7.0/toolchain/arm/arm-gnu-toolchain/bin/../lib/gcc/arm-none-eabi/6.3.1/../../../../arm-none-eabi/lib/thumb/v7e-m\libc_nano.a(lib_a-fflush.o)
 .ARM.attributes
                0x00000834       0x2e c:/program files (x86)/atmel/studio/7.0/toolchain/arm/arm-gnu-toolchain/bin/../lib/gcc/arm-none-eabi/6.3.1/../../../../arm-none-eabi/lib/thumb/v7e-m\libc_nano.a(lib_a-findfp.o)
 .ARM.attributes
                0x00000862       0x2e c:/program files (x86)/atmel/studio/7.0/toolchain/arm/arm-gnu-toolchain/bin/../lib/gcc/arm-none-eabi/6.3.1/../../../../arm-none-eabi/lib/thumb/v7e-m\libc_nano.a(lib_a-fwalk.o)
 .ARM.attributes
                0x00000890       0x2e c:/program files (x86)/atmel/studio/7.0/toolchain/arm/arm-gnu-toolchain/bin/../lib/gcc/arm-none-eabi/6.3.1/../../../../arm-none-eabi/lib/thumb/v7e-m\libc_nano.a(lib_a-makebuf.o)
 .ARM.attributes
                0x000008be       0x2e c:/program files (x86)/atmel/studio/7.0/toolchain/arm/arm-gnu-toolchain/bin/../lib/gcc/arm-none-eabi/6.3.1/../../../../arm-none-eabi/lib/thumb/v7e-m\libc_nano.a(lib_a-mlock.o)
 .ARM.attributes
                0x000008ec       0x2e c:/program files (x86)/atmel/studio/7.0/toolchain/arm/arm-gnu-toolchain/bin/../lib/gcc/arm-none-eabi/6.3.1/../../../../arm-none-eabi/lib/thumb/v7e-m\libc_nano.a(lib_a-nano-vfprintf.o)
 .ARM.attributes
                0x0000091a       0x2e c:/program files (x86)/atmel/studio/7.0/toolchain/arm/arm-gnu-toolchain/bin/../lib/gcc/arm-none-eabi/6.3.1/../../../../arm-none-eabi/lib/thumb/v7e-m\libc_nano.a(lib_a-nano-vfprintf_i.o)
 .ARM.attributes
                0x00000948       0x2e c:/program files (x86)/atmel/studio/7.0/toolchain/arm/arm-gnu-toolchain/bin/../lib/gcc/arm-none-eabi/6.3.1/../../../../arm-none-eabi/lib/thumb/v7e-m\libc_nano.a(lib_a-reent.o)
 .ARM.attributes
                0x00000976       0x2e c:/program files (x86)/atmel/studio/7.0/toolchain/arm/arm-gnu-toolchain/bin/../lib/gcc/arm-none-eabi/6.3.1/../../../../arm-none-eabi/lib/thumb/v7e-m\libc_nano.a(lib_a-stdio.o)
 .ARM.attributes
                0x000009a4       0x2e c:/program files (x86)/atmel/studio/7.0/toolchain/arm/arm-gnu-toolchain/bin/../lib/gcc/arm-none-eabi/6.3.1/../../../../arm-none-eabi/lib/thumb/v7e-m\libc_nano.a(lib_a-writer.o)
 .ARM.attributes
                0x000009d2       0x2e c:/program files (x86)/atmel/studio/7.0/toolchain/arm/arm-gnu-toolchain/bin/../lib/gcc/arm-none-eabi/6.3.1/../../../../arm-none-eabi/lib/thumb/v7e-m\libc_nano.a(lib_a-closer.o)
 .ARM.attributes
                0x00000a00       0x2e c:/program files (x86)/atmel/studio/7.0/toolchain/arm/arm-gnu-toolchain/bin/../lib/gcc/arm-none-eabi/6.3.1/../../../../arm-none-eabi/lib/thumb/v7e-m\libc_nano.a(lib_a-fstatr.o)
 .ARM.attributes
                0x00000a2e       0x2e c:/program files (x86)/atmel/studio/7.0/toolchain/arm/arm-gnu-toolchain/bin/../lib/gcc/arm-none-eabi/6.3.1/../../../../arm-none-eabi/lib/thumb/v7e-m\libc_nano.a(lib_a-isattyr.o)
 .ARM.attributes
                0x00000a5c       0x2e c:/program files (x86)/atmel/studio/7.0/toolchain/arm/arm-gnu-toolchain/bin/../lib/gcc/arm-none-eabi/6.3.1/../../../../arm-none-eabi/lib/thumb/v7e-m\libc_nano.a(lib_a-lseekr.o)
 .ARM.attributes
                0x00000a8a       0x1c c:/program files (x86)/atmel/studio/7.0/toolchain/arm/arm-gnu-toolchain/bin/../lib/gcc/arm-none-eabi/6.3.1/../../../../arm-none-eabi/lib/thumb/v7e-m\libc_nano.a(lib_a-memchr.o)
 .ARM.attributes
                0x00000aa6       0x2e c:/program files (x86)/atmel/studio/7.0/toolchain/arm/arm-gnu-toolchain/bin/../lib/gcc/arm-none-eabi/6.3.1/../../../../arm-none-eabi/lib/thumb/v7e-m\libc_nano.a(lib_a-readr.o)
 .ARM.attributes
                0x00000ad4       0x1e c:/program files (x86)/atmel/studio/7.0/toolchain/arm/arm-gnu-toolchain/bin/../lib/gcc/arm-none-eabi/6.3.1/thumb/v7e-m/crtn.o

.comment        0x00000000       0x59
 .comment       0x00000000       0x59 atmel_start.o
                                 0x5a (size before relaxing)
 .comment       0x00000059       0x5a Device_Startup/startup_same54.o
 .comment       0x00000059       0x5a dma_m2m/dma_memory.o
 .comment       0x00000059       0x5a dma_m2m_main.o
 .comment       0x00000059       0x5a driver_init.o
 .comment       0x00000059       0x5a hal/src/hal_io.o
 .comment       0x00000059       0x5a hal/src/hal_spi_m_sync.o
 .comment       0x00000059       0x5a hal/src/hal_usart_sync.o
 .comment       0x00000059       0x5a hal/utils/src/utils_assert.o
 .comment       0x00000059       0x5a hal/utils/src/utils_syscalls.o
 .comment       0x00000059       0x5a hpl/core/hpl_init.o
 .comment       0x00000059       0x5a hpl/dmac/hpl_dmac.o
 .comment       0x00000059       0x5a hpl/gclk/hpl_gclk.o
 .comment       0x00000059       0x5a hpl/mclk/hpl_mclk.o
 .comment       0x00000059       0x5a hpl/osc32kctrl/hpl_osc32kctrl.o
 .comment       0x00000059       0x5a hpl/oscctrl/hpl_oscctrl.o
 .comment       0x00000059       0x5a hpl/ramecc/hpl_ramecc.o
 .comment       0x00000059       0x5a hpl/sercom/hpl_sercom.o
 .comment       0x00000059       0x5a main.o
 .comment       0x00000059       0x5a stdio_redirect/gcc/read.o
 .comment       0x00000059       0x5a stdio_redirect/gcc/write.o
 .comment       0x00000059       0x5a stdio_redirect/stdio_io.o
 .comment       0x00000059       0x5a stdio_start.o

.debug_info     0x00000000    0x21096
 .debug_info    0x00000000      0xc28 atmel_start.o
 .debug_info    0x00000c28      0xd7d Device_Startup/startup_same54.o
 .debug_info    0x000019a5      0x4fc dma_m2m/dma_memory.o
 .debug_info    0x00001ea1      0xf2c dma_m2m_main.o
 .debug_info    0x00002dcd     0x4a6f driver_init.o
 .debug_info    0x0000783c      0x2c5 hal/src/hal_io.o
 .debug_info    0x00007b01      0xa2c hal/src/hal_spi_m_sync.o
 .debug_info    0x0000852d      0xcc9 hal/src/hal_usart_sync.o
 .debug_info    0x000091f6      0x130 hal/utils/src/utils_assert.o
 .debug_info    0x00009326      0xdca hal/utils/src/utils_syscalls.o
 .debug_info    0x0000a0f0      0xbe1 hpl/core/hpl_init.o
 .debug_info    0x0000acd1     0x307d hpl/dmac/hpl_dmac.o
 .debug_info    0x0000dd4e      0x68b hpl/gclk/hpl_gclk.o
 .debug_info    0x0000e3d9      0xa55 hpl/mclk/hpl_mclk.o
 .debug_info    0x0000ee2e      0x714 hpl/osc32kctrl/hpl_osc32kctrl.o
 .debug_info    0x0000f542     0x1a4d hpl/oscctrl/hpl_oscctrl.o
 .debug_info    0x00010f8f      0xc15 hpl/ramecc/hpl_ramecc.o
 .debug_info    0x00011ba4     0xbbc8 hpl/sercom/hpl_sercom.o
 .debug_info    0x0001d76c      0xc16 main.o
 .debug_info    0x0001e382      0xa5d stdio_redirect/gcc/read.o
 .debug_info    0x0001eddf      0xa5d stdio_redirect/gcc/write.o
 .debug_info    0x0001f83c      0xbf7 stdio_redirect/stdio_io.o
 .debug_info    0x00020433      0xc63 stdio_start.o

.debug_abbrev   0x00000000     0x3264
 .debug_abbrev  0x00000000      0x1b9 atmel_start.o
 .debug_abbrev  0x000001b9      0x171 Device_Startup/startup_same54.o
 .debug_abbrev  0x0000032a      0x162 dma_m2m/dma_memory.o
 .debug_abbrev  0x0000048c      0x294 dma_m2m_main.o
 .debug_abbrev  0x00000720      0x33e driver_init.o
 .debug_abbrev  0x00000a5e      0x12d hal/src/hal_io.o
 .debug_abbrev  0x00000b8b      0x1c9 hal/src/hal_spi_m_sync.o
 .debug_abbrev  0x00000d54      0x22f hal/src/hal_usart_sync.o
 .debug_abbrev  0x00000f83       0x9e hal/utils/src/utils_assert.o
 .debug_abbrev  0x00001021      0x269 hal/utils/src/utils_syscalls.o
 .debug_abbrev  0x0000128a      0x1ea hpl/core/hpl_init.o
 .debug_abbrev  0x00001474      0x396 hpl/dmac/hpl_dmac.o
 .debug_abbrev  0x0000180a      0x1c9 hpl/gclk/hpl_gclk.o
 .debug_abbrev  0x000019d3      0x1bd hpl/mclk/hpl_mclk.o
 .debug_abbrev  0x00001b90      0x1fc hpl/osc32kctrl/hpl_osc32kctrl.o
 .debug_abbrev  0x00001d8c      0x2a4 hpl/oscctrl/hpl_oscctrl.o
 .debug_abbrev  0x00002030      0x2c8 hpl/ramecc/hpl_ramecc.o
 .debug_abbrev  0x000022f8      0x5bc hpl/sercom/hpl_sercom.o
 .debug_abbrev  0x000028b4      0x1bb main.o
 .debug_abbrev  0x00002a6f      0x1ef stdio_redirect/gcc/read.o
 .debug_abbrev  0x00002c5e      0x1ef stdio_redirect/gcc/write.o
 .debug_abbrev  0x00002e4d      0x230 stdio_redirect/stdio_io.o
 .debug_abbrev  0x0000307d      0x1e7 stdio_start.o

.debug_loc      0x00000000     0xb1d6
 .debug_loc     0x00000000       0x20 atmel_start.o
 .debug_loc     0x00000020       0x78 Device_Startup/startup_same54.o
 .debug_loc     0x00000098      0x27f dma_m2m/dma_memory.o
 .debug_loc     0x00000317      0x1f0 dma_m2m_main.o
 .debug_loc     0x00000507      0x9bb driver_init.o
 .debug_loc     0x00000ec2      0x17e hal/src/hal_io.o
 .debug_loc     0x00001040      0x70b hal/src/hal_spi_m_sync.o
 .debug_loc     0x0000174b      0x95c hal/src/hal_usart_sync.o
 .debug_loc     0x000020a7      0x13b hal/utils/src/utils_syscalls.o
 .debug_loc     0x000021e2       0x4c hpl/core/hpl_init.o
 .debug_loc     0x0000222e      0xbaa hpl/dmac/hpl_dmac.o
 .debug_loc     0x00002dd8      0x156 hpl/gclk/hpl_gclk.o
 .debug_loc     0x00002f2e       0x2c hpl/mclk/hpl_mclk.o
 .debug_loc     0x00002f5a       0x95 hpl/osc32kctrl/hpl_osc32kctrl.o
 .debug_loc     0x00002fef      0x2b4 hpl/oscctrl/hpl_oscctrl.o
 .debug_loc     0x000032a3      0x130 hpl/ramecc/hpl_ramecc.o
 .debug_loc     0x000033d3     0x7a2c hpl/sercom/hpl_sercom.o
 .debug_loc     0x0000adff       0x20 main.o
 .debug_loc     0x0000ae1f       0xff stdio_redirect/gcc/read.o
 .debug_loc     0x0000af1e       0xf3 stdio_redirect/gcc/write.o
 .debug_loc     0x0000b011      0x185 stdio_redirect/stdio_io.o
 .debug_loc     0x0000b196       0x40 stdio_start.o

.debug_aranges  0x00000000      0xa50
 .debug_aranges
                0x00000000       0x20 atmel_start.o
 .debug_aranges
                0x00000020       0x28 Device_Startup/startup_same54.o
 .debug_aranges
                0x00000048       0x48 dma_m2m/dma_memory.o
 .debug_aranges
                0x00000090       0x38 dma_m2m_main.o
 .debug_aranges
                0x000000c8       0x68 driver_init.o
 .debug_aranges
                0x00000130       0x30 hal/src/hal_io.o
 .debug_aranges
                0x00000160       0x88 hal/src/hal_spi_m_sync.o
 .debug_aranges
                0x000001e8       0xa8 hal/src/hal_usart_sync.o
 .debug_aranges
                0x00000290       0x20 hal/utils/src/utils_assert.o
 .debug_aranges
                0x000002b0       0x60 hal/utils/src/utils_syscalls.o
 .debug_aranges
                0x00000310       0x20 hpl/core/hpl_init.o
 .debug_aranges
                0x00000330       0x98 hpl/dmac/hpl_dmac.o
 .debug_aranges
                0x000003c8       0x28 hpl/gclk/hpl_gclk.o
 .debug_aranges
                0x000003f0       0x20 hpl/mclk/hpl_mclk.o
 .debug_aranges
                0x00000410       0x20 hpl/osc32kctrl/hpl_osc32kctrl.o
 .debug_aranges
                0x00000430       0x28 hpl/oscctrl/hpl_oscctrl.o
 .debug_aranges
                0x00000458       0x30 hpl/ramecc/hpl_ramecc.o
 .debug_aranges
                0x00000488      0x508 hpl/sercom/hpl_sercom.o
 .debug_aranges
                0x00000990       0x20 main.o
 .debug_aranges
                0x000009b0       0x20 stdio_redirect/gcc/read.o
 .debug_aranges
                0x000009d0       0x20 stdio_redirect/gcc/write.o
 .debug_aranges
                0x000009f0       0x38 stdio_redirect/stdio_io.o
 .debug_aranges
                0x00000a28       0x28 stdio_start.o

.debug_ranges   0x00000000      0xaf0
 .debug_ranges  0x00000000       0x10 atmel_start.o
 .debug_ranges  0x00000010       0x18 Device_Startup/startup_same54.o
 .debug_ranges  0x00000028       0x38 dma_m2m/dma_memory.o
 .debug_ranges  0x00000060       0x28 dma_m2m_main.o
 .debug_ranges  0x00000088       0x58 driver_init.o
 .debug_ranges  0x000000e0       0x20 hal/src/hal_io.o
 .debug_ranges  0x00000100       0x78 hal/src/hal_spi_m_sync.o
 .debug_ranges  0x00000178       0x98 hal/src/hal_usart_sync.o
 .debug_ranges  0x00000210       0x10 hal/utils/src/utils_assert.o
 .debug_ranges  0x00000220       0x50 hal/utils/src/utils_syscalls.o
 .debug_ranges  0x00000270       0x10 hpl/core/hpl_init.o
 .debug_ranges  0x00000280       0xe8 hpl/dmac/hpl_dmac.o
 .debug_ranges  0x00000368       0x18 hpl/gclk/hpl_gclk.o
 .debug_ranges  0x00000380       0x10 hpl/mclk/hpl_mclk.o
 .debug_ranges  0x00000390       0x10 hpl/osc32kctrl/hpl_osc32kctrl.o
 .debug_ranges  0x000003a0       0x18 hpl/oscctrl/hpl_oscctrl.o
 .debug_ranges  0x000003b8       0x38 hpl/ramecc/hpl_ramecc.o
 .debug_ranges  0x000003f0      0x690 hpl/sercom/hpl_sercom.o
 .debug_ranges  0x00000a80       0x10 main.o
 .debug_ranges  0x00000a90       0x10 stdio_redirect/gcc/read.o
 .debug_ranges  0x00000aa0       0x10 stdio_redirect/gcc/write.o
 .debug_ranges  0x00000ab0       0x28 stdio_redirect/stdio_io.o
 .debug_ranges  0x00000ad8       0x18 stdio_start.o

.debug_macro    0x00000000    0x35f9a
 .debug_macro   0x00000000      0x9b5 atmel_start.o
 .debug_macro   0x000009b5      0x8b0 atmel_start.o
 .debug_macro   0x00001265      0x16d atmel_start.o
 .debug_macro   0x000013d2       0x22 atmel_start.o
 .debug_macro   0x000013f4       0x87 atmel_start.o
 .debug_macro   0x0000147b       0x51 atmel_start.o
 .debug_macro   0x000014cc       0xef atmel_start.o
 .debug_macro   0x000015bb       0x6a atmel_start.o
 .debug_macro   0x00001625      0x1df atmel_start.o
 .debug_macro   0x00001804       0x22 atmel_start.o
 .debug_macro   0x00001826       0x54 atmel_start.o
 .debug_macro   0x0000187a       0x1c atmel_start.o
 .debug_macro   0x00001896       0x22 atmel_start.o
 .debug_macro   0x000018b8       0xdf atmel_start.o
 .debug_macro   0x00001997     0x102d atmel_start.o
 .debug_macro   0x000029c4      0x11f atmel_start.o
 .debug_macro   0x00002ae3      0x706 atmel_start.o
 .debug_macro   0x000031e9      0xb5b atmel_start.o
 .debug_macro   0x00003d44      0x3c0 atmel_start.o
 .debug_macro   0x00004104     0x2d61 atmel_start.o
 .debug_macro   0x00006e65      0x336 atmel_start.o
 .debug_macro   0x0000719b      0x3b7 atmel_start.o
 .debug_macro   0x00007552      0x668 atmel_start.o
 .debug_macro   0x00007bba     0x143f atmel_start.o
 .debug_macro   0x00008ff9      0x651 atmel_start.o
 .debug_macro   0x0000964a      0x67b atmel_start.o
 .debug_macro   0x00009cc5      0x6d7 atmel_start.o
 .debug_macro   0x0000a39c      0x172 atmel_start.o
 .debug_macro   0x0000a50e      0x395 atmel_start.o
 .debug_macro   0x0000a8a3     0x19dd atmel_start.o
 .debug_macro   0x0000c280       0x3a atmel_start.o
 .debug_macro   0x0000c2ba      0x72a atmel_start.o
 .debug_macro   0x0000c9e4      0xb12 atmel_start.o
 .debug_macro   0x0000d4f6      0x5d7 atmel_start.o
 .debug_macro   0x0000dacd      0xbc0 atmel_start.o
 .debug_macro   0x0000e68d      0x9b9 atmel_start.o
 .debug_macro   0x0000f046      0x2a3 atmel_start.o
 .debug_macro   0x0000f2e9      0x8cb atmel_start.o
 .debug_macro   0x0000fbb4      0x1ea atmel_start.o
 .debug_macro   0x0000fd9e      0x8f4 atmel_start.o
 .debug_macro   0x00010692      0x216 atmel_start.o
 .debug_macro   0x000108a8      0x3f9 atmel_start.o
 .debug_macro   0x00010ca1      0x620 atmel_start.o
 .debug_macro   0x000112c1      0x10d atmel_start.o
 .debug_macro   0x000113ce       0xb8 atmel_start.o
 .debug_macro   0x00011486     0x1df7 atmel_start.o
 .debug_macro   0x0001327d     0x2e69 atmel_start.o
 .debug_macro   0x000160e6     0x11ed atmel_start.o
 .debug_macro   0x000172d3      0x50e atmel_start.o
 .debug_macro   0x000177e1      0x930 atmel_start.o
 .debug_macro   0x00018111     0x1ad8 atmel_start.o
 .debug_macro   0x00019be9       0xe7 atmel_start.o
 .debug_macro   0x00019cd0     0x13e6 atmel_start.o
 .debug_macro   0x0001b0b6      0x36a atmel_start.o
 .debug_macro   0x0001b420       0x94 atmel_start.o
 .debug_macro   0x0001b4b4       0xdc atmel_start.o
 .debug_macro   0x0001b590       0xe2 atmel_start.o
 .debug_macro   0x0001b672       0xdc atmel_start.o
 .debug_macro   0x0001b74e      0x149 atmel_start.o
 .debug_macro   0x0001b897      0x149 atmel_start.o
 .debug_macro   0x0001b9e0       0x46 atmel_start.o
 .debug_macro   0x0001ba26       0x4c atmel_start.o
 .debug_macro   0x0001ba72       0xc4 atmel_start.o
 .debug_macro   0x0001bb36      0x7d5 atmel_start.o
 .debug_macro   0x0001c30b       0xb8 atmel_start.o
 .debug_macro   0x0001c3c3       0x7c atmel_start.o
 .debug_macro   0x0001c43f      0xc20 atmel_start.o
 .debug_macro   0x0001d05f       0x46 atmel_start.o
 .debug_macro   0x0001d0a5      0x25b atmel_start.o
 .debug_macro   0x0001d300      0x31a atmel_start.o
 .debug_macro   0x0001d61a      0x170 atmel_start.o
 .debug_macro   0x0001d78a       0x7c atmel_start.o
 .debug_macro   0x0001d806       0xbe atmel_start.o
 .debug_macro   0x0001d8c4       0x4c atmel_start.o
 .debug_macro   0x0001d910       0x82 atmel_start.o
 .debug_macro   0x0001d992      0x1a3 atmel_start.o
 .debug_macro   0x0001db35       0x46 atmel_start.o
 .debug_macro   0x0001db7b       0x6a atmel_start.o
 .debug_macro   0x0001dbe5       0x46 atmel_start.o
 .debug_macro   0x0001dc2b       0x88 atmel_start.o
 .debug_macro   0x0001dcb3       0x46 atmel_start.o
 .debug_macro   0x0001dcf9      0x24e atmel_start.o
 .debug_macro   0x0001df47       0x1c atmel_start.o
 .debug_macro   0x0001df63       0x76 atmel_start.o
 .debug_macro   0x0001dfd9       0x3a atmel_start.o
 .debug_macro   0x0001e013       0x2e atmel_start.o
 .debug_macro   0x0001e041      0x196 atmel_start.o
 .debug_macro   0x0001e1d7      0x16f atmel_start.o
 .debug_macro   0x0001e346      0x16f atmel_start.o
 .debug_macro   0x0001e4b5      0x25d atmel_start.o
 .debug_macro   0x0001e712      0x25d atmel_start.o
 .debug_macro   0x0001e96f      0x25d atmel_start.o
 .debug_macro   0x0001ebcc      0x25d atmel_start.o
 .debug_macro   0x0001ee29      0x25d atmel_start.o
 .debug_macro   0x0001f086      0x25d atmel_start.o
 .debug_macro   0x0001f2e3      0x25d atmel_start.o
 .debug_macro   0x0001f540      0x25d atmel_start.o
 .debug_macro   0x0001f79d       0x52 atmel_start.o
 .debug_macro   0x0001f7ef       0xfa atmel_start.o
 .debug_macro   0x0001f8e9       0xfa atmel_start.o
 .debug_macro   0x0001f9e3       0xfa atmel_start.o
 .debug_macro   0x0001fadd       0xfa atmel_start.o
 .debug_macro   0x0001fbd7       0xfa atmel_start.o
 .debug_macro   0x0001fcd1       0xfa atmel_start.o
 .debug_macro   0x0001fdcb       0xfa atmel_start.o
 .debug_macro   0x0001fec5       0xfa atmel_start.o
 .debug_macro   0x0001ffbf      0x148 atmel_start.o
 .debug_macro   0x00020107      0x124 atmel_start.o
 .debug_macro   0x0002022b      0x106 atmel_start.o
 .debug_macro   0x00020331       0xee atmel_start.o
 .debug_macro   0x0002041f       0xee atmel_start.o
 .debug_macro   0x0002050d       0x2e atmel_start.o
 .debug_macro   0x0002053b      0x46a atmel_start.o
 .debug_macro   0x000209a5       0x3a atmel_start.o
 .debug_macro   0x000209df      0x59f atmel_start.o
 .debug_macro   0x00020f7e     0x4ff3 atmel_start.o
 .debug_macro   0x00025f71       0xcf atmel_start.o
 .debug_macro   0x00026040       0x10 atmel_start.o
 .debug_macro   0x00026050       0x10 atmel_start.o
 .debug_macro   0x00026060       0x16 atmel_start.o
 .debug_macro   0x00026076       0x16 atmel_start.o
 .debug_macro   0x0002608c       0x16 atmel_start.o
 .debug_macro   0x000260a2       0x16 atmel_start.o
 .debug_macro   0x000260b8       0x16 atmel_start.o
 .debug_macro   0x000260ce       0x16 atmel_start.o
 .debug_macro   0x000260e4       0x40 atmel_start.o
 .debug_macro   0x00026124       0x16 atmel_start.o
 .debug_macro   0x0002613a       0x16 atmel_start.o
 .debug_macro   0x00026150       0x16 atmel_start.o
 .debug_macro   0x00026166       0x16 atmel_start.o
 .debug_macro   0x0002617c       0x16 atmel_start.o
 .debug_macro   0x00026192       0x16 atmel_start.o
 .debug_macro   0x000261a8       0x16 atmel_start.o
 .debug_macro   0x000261be       0x16 atmel_start.o
 .debug_macro   0x000261d4       0x16 atmel_start.o
 .debug_macro   0x000261ea       0x16 atmel_start.o
 .debug_macro   0x00026200       0x16 atmel_start.o
 .debug_macro   0x00026216       0x16 atmel_start.o
 .debug_macro   0x0002622c       0x16 atmel_start.o
 .debug_macro   0x00026242       0x16 atmel_start.o
 .debug_macro   0x00026258       0x16 atmel_start.o
 .debug_macro   0x0002626e       0x16 atmel_start.o
 .debug_macro   0x00026284       0x16 atmel_start.o
 .debug_macro   0x0002629a       0x16 atmel_start.o
 .debug_macro   0x000262b0       0x16 atmel_start.o
 .debug_macro   0x000262c6       0x16 atmel_start.o
 .debug_macro   0x000262dc       0x16 atmel_start.o
 .debug_macro   0x000262f2      0xe5c atmel_start.o
 .debug_macro   0x0002714e      0x9b6 atmel_start.o
 .debug_macro   0x00027b04       0x94 atmel_start.o
 .debug_macro   0x00027b98       0x16 atmel_start.o
 .debug_macro   0x00027bae       0xbe atmel_start.o
 .debug_macro   0x00027c6c      0x28c atmel_start.o
 .debug_macro   0x00027ef8       0x16 atmel_start.o
 .debug_macro   0x00027f0e      0x4d8 atmel_start.o
 .debug_macro   0x000283e6       0x16 atmel_start.o
 .debug_macro   0x000283fc       0xca atmel_start.o
 .debug_macro   0x000284c6       0x1c atmel_start.o
 .debug_macro   0x000284e2       0x16 atmel_start.o
 .debug_macro   0x000284f8      0x185 atmel_start.o
 .debug_macro   0x0002867d       0x82 atmel_start.o
 .debug_macro   0x000286ff       0xc9 atmel_start.o
 .debug_macro   0x000287c8       0x10 atmel_start.o
 .debug_macro   0x000287d8       0x10 atmel_start.o
 .debug_macro   0x000287e8       0x58 atmel_start.o
 .debug_macro   0x00028840       0x35 atmel_start.o
 .debug_macro   0x00028875       0x9c atmel_start.o
 .debug_macro   0x00028911       0x58 atmel_start.o
 .debug_macro   0x00028969       0x1f atmel_start.o
 .debug_macro   0x00028988       0x43 atmel_start.o
 .debug_macro   0x000289cb       0x20 atmel_start.o
 .debug_macro   0x000289eb      0x187 atmel_start.o
 .debug_macro   0x00028b72      0x23b atmel_start.o
 .debug_macro   0x00028dad       0x16 atmel_start.o
 .debug_macro   0x00028dc3       0x35 atmel_start.o
 .debug_macro   0x00028df8      0x34d atmel_start.o
 .debug_macro   0x00029145       0x10 atmel_start.o
 .debug_macro   0x00029155       0x10 atmel_start.o
 .debug_macro   0x00029165       0x1c atmel_start.o
 .debug_macro   0x00029181       0x52 atmel_start.o
 .debug_macro   0x000291d3       0x40 atmel_start.o
 .debug_macro   0x00029213       0x10 atmel_start.o
 .debug_macro   0x00029223       0x40 atmel_start.o
 .debug_macro   0x00029263       0xd7 atmel_start.o
 .debug_macro   0x0002933a       0x16 atmel_start.o
 .debug_macro   0x00029350      0x18b atmel_start.o
 .debug_macro   0x000294db       0x16 atmel_start.o
 .debug_macro   0x000294f1       0x16 atmel_start.o
 .debug_macro   0x00029507       0x29 atmel_start.o
 .debug_macro   0x00029530       0x16 atmel_start.o
 .debug_macro   0x00029546      0x4b2 Device_Startup/startup_same54.o
 .debug_macro   0x000299f8       0x4e Device_Startup/startup_same54.o
 .debug_macro   0x00029a46      0x6c5 dma_m2m/dma_memory.o
 .debug_macro   0x0002a10b      0x9bc dma_m2m_main.o
 .debug_macro   0x0002aac7      0x79d driver_init.o
 .debug_macro   0x0002b264       0x5f driver_init.o
 .debug_macro   0x0002b2c3      0x69b hal/src/hal_io.o
 .debug_macro   0x0002b95e      0x6e3 hal/src/hal_spi_m_sync.o
 .debug_macro   0x0002c041      0x6c6 hal/src/hal_usart_sync.o
 .debug_macro   0x0002c707      0x690 hal/utils/src/utils_assert.o
 .debug_macro   0x0002cd97       0x10 hal/utils/src/utils_assert.o
 .debug_macro   0x0002cda7      0x1d6 hal/utils/src/utils_syscalls.o
 .debug_macro   0x0002cf7d       0x52 hal/utils/src/utils_syscalls.o
 .debug_macro   0x0002cfcf       0x8d hal/utils/src/utils_syscalls.o
 .debug_macro   0x0002d05c       0x57 hal/utils/src/utils_syscalls.o
 .debug_macro   0x0002d0b3       0x97 hal/utils/src/utils_syscalls.o
 .debug_macro   0x0002d14a      0x353 hal/utils/src/utils_syscalls.o
 .debug_macro   0x0002d49d       0xf6 hal/utils/src/utils_syscalls.o
 .debug_macro   0x0002d593       0x4c hal/utils/src/utils_syscalls.o
 .debug_macro   0x0002d5df       0x16 hal/utils/src/utils_syscalls.o
 .debug_macro   0x0002d5f5       0x10 hal/utils/src/utils_syscalls.o
 .debug_macro   0x0002d605       0x10 hal/utils/src/utils_syscalls.o
 .debug_macro   0x0002d615       0x35 hal/utils/src/utils_syscalls.o
 .debug_macro   0x0002d64a      0x122 hal/utils/src/utils_syscalls.o
 .debug_macro   0x0002d76c      0x729 hpl/core/hpl_init.o
 .debug_macro   0x0002de95       0x2e hpl/core/hpl_init.o
 .debug_macro   0x0002dec3      0xd7b hpl/core/hpl_init.o
 .debug_macro   0x0002ec3e      0x6cf hpl/dmac/hpl_dmac.o
 .debug_macro   0x0002f30d      0x6cc hpl/dmac/hpl_dmac.o
 .debug_macro   0x0002f9d9      0x6ba hpl/dmac/hpl_dmac.o
 .debug_macro   0x00030093      0x69f hpl/gclk/hpl_gclk.o
 .debug_macro   0x00030732      0x2f0 hpl/gclk/hpl_gclk.o
 .debug_macro   0x00030a22      0x69a hpl/mclk/hpl_mclk.o
 .debug_macro   0x000310bc      0x695 hpl/osc32kctrl/hpl_osc32kctrl.o
 .debug_macro   0x00031751       0x80 hpl/osc32kctrl/hpl_osc32kctrl.o
 .debug_macro   0x000317d1      0x69f hpl/oscctrl/hpl_oscctrl.o
 .debug_macro   0x00031e70      0x216 hpl/oscctrl/hpl_oscctrl.o
 .debug_macro   0x00032086      0x6b0 hpl/ramecc/hpl_ramecc.o
 .debug_macro   0x00032736      0x8dc hpl/sercom/hpl_sercom.o
 .debug_macro   0x00033012       0x70 hpl/sercom/hpl_sercom.o
 .debug_macro   0x00033082      0x273 hpl/sercom/hpl_sercom.o
 .debug_macro   0x000332f5       0x10 hpl/sercom/hpl_sercom.o
 .debug_macro   0x00033305       0x1c hpl/sercom/hpl_sercom.o
 .debug_macro   0x00033321       0x22 hpl/sercom/hpl_sercom.o
 .debug_macro   0x00033343       0x10 hpl/sercom/hpl_sercom.o
 .debug_macro   0x00033353      0x9bb main.o
 .debug_macro   0x00033d0e       0x22 main.o
 .debug_macro   0x00033d30      0x7f6 stdio_redirect/gcc/read.o
 .debug_macro   0x00034526      0x7f6 stdio_redirect/gcc/write.o
 .debug_macro   0x00034d1c      0x7ef stdio_redirect/stdio_io.o
 .debug_macro   0x0003550b       0xd9 stdio_redirect/stdio_io.o
 .debug_macro   0x000355e4      0x9b6 stdio_start.o

.debug_line     0x00000000    0x14460
 .debug_line    0x00000000      0xf3b atmel_start.o
 .debug_line    0x00000f3b      0x8a0 Device_Startup/startup_same54.o
 .debug_line    0x000017db      0xc81 dma_m2m/dma_memory.o
 .debug_line    0x0000245c      0xf9f dma_m2m_main.o
 .debug_line    0x000033fb      0xe99 driver_init.o
 .debug_line    0x00004294      0xc0d hal/src/hal_io.o
 .debug_line    0x00004ea1      0xd6e hal/src/hal_spi_m_sync.o
 .debug_line    0x00005c0f      0xdd7 hal/src/hal_usart_sync.o
 .debug_line    0x000069e6      0xbbe hal/utils/src/utils_assert.o
 .debug_line    0x000075a4      0x40a hal/utils/src/utils_syscalls.o
 .debug_line    0x000079ae      0xcce hpl/core/hpl_init.o
 .debug_line    0x0000867c      0xf30 hpl/dmac/hpl_dmac.o
 .debug_line    0x000095ac      0xc23 hpl/gclk/hpl_gclk.o
 .debug_line    0x0000a1cf      0xbe1 hpl/mclk/hpl_mclk.o
 .debug_line    0x0000adb0      0xbf6 hpl/osc32kctrl/hpl_osc32kctrl.o
 .debug_line    0x0000b9a6      0xd03 hpl/oscctrl/hpl_oscctrl.o
 .debug_line    0x0000c6a9      0xc84 hpl/ramecc/hpl_ramecc.o
 .debug_line    0x0000d32d     0x2bc5 hpl/sercom/hpl_sercom.o
 .debug_line    0x0000fef2      0xf46 main.o
 .debug_line    0x00010e38      0xce9 stdio_redirect/gcc/read.o
 .debug_line    0x00011b21      0xcea stdio_redirect/gcc/write.o
 .debug_line    0x0001280b      0xd0a stdio_redirect/stdio_io.o
 .debug_line    0x00013515      0xf4b stdio_start.o

.debug_str      0x00000000   0x1201da
 .debug_str     0x00000000   0x10bf0a atmel_start.o
                             0x10c4b8 (size before relaxing)
 .debug_str     0x0010bf0a      0xbfb Device_Startup/startup_same54.o
                              0xf0d18 (size before relaxing)
 .debug_str     0x0010cb05      0x219 dma_m2m/dma_memory.o
                             0x106e24 (size before relaxing)
 .debug_str     0x0010cd1e       0xe1 dma_m2m_main.o
                             0x10c5e6 (size before relaxing)
 .debug_str     0x0010cdff     0x1345 driver_init.o
                             0x109492 (size before relaxing)
 .debug_str     0x0010e144       0x3a hal/src/hal_io.o
                             0x106766 (size before relaxing)
 .debug_str     0x0010e17e      0x2ef hal/src/hal_spi_m_sync.o
                             0x107053 (size before relaxing)
 .debug_str     0x0010e46d      0x48d hal/src/hal_usart_sync.o
                             0x107206 (size before relaxing)
 .debug_str     0x0010e8fa       0x2a hal/utils/src/utils_assert.o
                             0x1066db (size before relaxing)
 .debug_str     0x0010e924      0x762 hal/utils/src/utils_syscalls.o
                               0x73ae (size before relaxing)
 .debug_str     0x0010f086     0x30f9 hpl/core/hpl_init.o
                             0x10ab1f (size before relaxing)
 .debug_str     0x0011217f     0x7069 hpl/dmac/hpl_dmac.o
                             0x110a2f (size before relaxing)
 .debug_str     0x001191e8      0xbf5 hpl/gclk/hpl_gclk.o
                             0x107407 (size before relaxing)
 .debug_str     0x00119ddd       0x47 hpl/mclk/hpl_mclk.o
                             0x106ce2 (size before relaxing)
 .debug_str     0x00119e24      0x466 hpl/osc32kctrl/hpl_osc32kctrl.o
                             0x106b33 (size before relaxing)
 .debug_str     0x0011a28a      0xcd2 hpl/oscctrl/hpl_oscctrl.o
                             0x1080a6 (size before relaxing)
 .debug_str     0x0011af5c      0x277 hpl/ramecc/hpl_ramecc.o
                             0x107611 (size before relaxing)
 .debug_str     0x0011b1d3     0x4f01 hpl/sercom/hpl_sercom.o
                             0x10d483 (size before relaxing)
 .debug_str     0x001200d4       0x28 main.o
                             0x10c4b1 (size before relaxing)
 .debug_str     0x001200fc       0x2b stdio_redirect/gcc/read.o
                             0x10a488 (size before relaxing)
 .debug_str     0x00120127       0x2d stdio_redirect/gcc/write.o
                             0x10a48a (size before relaxing)
 .debug_str     0x00120154       0x4b stdio_redirect/stdio_io.o
                             0x10a511 (size before relaxing)
 .debug_str     0x0012019f       0x3b stdio_start.o
                             0x10c4d8 (size before relaxing)

.debug_frame    0x00000000     0x21ac
 .debug_frame   0x00000000       0x28 atmel_start.o
 .debug_frame   0x00000028       0x38 Device_Startup/startup_same54.o
 .debug_frame   0x00000060       0xa8 dma_m2m/dma_memory.o
 .debug_frame   0x00000108       0x7c dma_m2m_main.o
 .debug_frame   0x00000184       0xd0 driver_init.o
 .debug_frame   0x00000254       0x58 hal/src/hal_io.o
 .debug_frame   0x000002ac      0x198 hal/src/hal_spi_m_sync.o
 .debug_frame   0x00000444      0x1f0 hal/src/hal_usart_sync.o
 .debug_frame   0x00000634       0x20 hal/utils/src/utils_assert.o
 .debug_frame   0x00000654       0xa8 hal/utils/src/utils_syscalls.o
 .debug_frame   0x000006fc       0x28 hpl/core/hpl_init.o
 .debug_frame   0x00000724      0x168 hpl/dmac/hpl_dmac.o
 .debug_frame   0x0000088c       0x30 hpl/gclk/hpl_gclk.o
 .debug_frame   0x000008bc       0x20 hpl/mclk/hpl_mclk.o
 .debug_frame   0x000008dc       0x20 hpl/osc32kctrl/hpl_osc32kctrl.o
 .debug_frame   0x000008fc       0x30 hpl/oscctrl/hpl_oscctrl.o
 .debug_frame   0x0000092c       0x4c hpl/ramecc/hpl_ramecc.o
 .debug_frame   0x00000978      0xee4 hpl/sercom/hpl_sercom.o
 .debug_frame   0x0000185c       0x28 main.o
 .debug_frame   0x00001884       0x2c stdio_redirect/gcc/read.o
 .debug_frame   0x000018b0       0x2c stdio_redirect/gcc/write.o
 .debug_frame   0x000018dc       0x6c stdio_redirect/stdio_io.o
 .debug_frame   0x00001948       0x40 stdio_start.o
 .debug_frame   0x00001988       0x20 c:/program files (x86)/atmel/studio/7.0/toolchain/arm/arm-gnu-toolchain/bin/../lib/gcc/arm-none-eabi/6.3.1/../../../../arm-none-eabi/lib/thumb/v7e-m\libc_nano.a(lib_a-errno.o)
 .debug_frame   0x000019a8       0x2c c:/program files (x86)/atmel/studio/7.0/toolchain/arm/arm-gnu-toolchain/bin/../lib/gcc/arm-none-eabi/6.3.1/../../../../arm-none-eabi/lib/thumb/v7e-m\libc_nano.a(lib_a-init.o)
 .debug_frame   0x000019d4       0x30 c:/program files (x86)/atmel/studio/7.0/toolchain/arm/arm-gnu-toolchain/bin/../lib/gcc/arm-none-eabi/6.3.1/../../../../arm-none-eabi/lib/thumb/v7e-m\libc_nano.a(lib_a-malloc.o)
 .debug_frame   0x00001a04       0x20 c:/program files (x86)/atmel/studio/7.0/toolchain/arm/arm-gnu-toolchain/bin/../lib/gcc/arm-none-eabi/6.3.1/../../../../arm-none-eabi/lib/thumb/v7e-m\libc_nano.a(lib_a-memset.o)
 .debug_frame   0x00001a24       0x38 c:/program files (x86)/atmel/studio/7.0/toolchain/arm/arm-gnu-toolchain/bin/../lib/gcc/arm-none-eabi/6.3.1/../../../../arm-none-eabi/lib/thumb/v7e-m\libc_nano.a(lib_a-nano-freer.o)
 .debug_frame   0x00001a5c       0x2c c:/program files (x86)/atmel/studio/7.0/toolchain/arm/arm-gnu-toolchain/bin/../lib/gcc/arm-none-eabi/6.3.1/../../../../arm-none-eabi/lib/thumb/v7e-m\libc_nano.a(lib_a-nano-mallocr.o)
 .debug_frame   0x00001a88       0x74 c:/program files (x86)/atmel/studio/7.0/toolchain/arm/arm-gnu-toolchain/bin/../lib/gcc/arm-none-eabi/6.3.1/../../../../arm-none-eabi/lib/thumb/v7e-m\libc_nano.a(lib_a-printf.o)
 .debug_frame   0x00001afc       0x2c c:/program files (x86)/atmel/studio/7.0/toolchain/arm/arm-gnu-toolchain/bin/../lib/gcc/arm-none-eabi/6.3.1/../../../../arm-none-eabi/lib/thumb/v7e-m\libc_nano.a(lib_a-sbrkr.o)
 .debug_frame   0x00001b28       0x20 c:/program files (x86)/atmel/studio/7.0/toolchain/arm/arm-gnu-toolchain/bin/../lib/gcc/arm-none-eabi/6.3.1/../../../../arm-none-eabi/lib/thumb/v7e-m\libc_nano.a(lib_a-setbuf.o)
 .debug_frame   0x00001b48       0x38 c:/program files (x86)/atmel/studio/7.0/toolchain/arm/arm-gnu-toolchain/bin/../lib/gcc/arm-none-eabi/6.3.1/../../../../arm-none-eabi/lib/thumb/v7e-m\libc_nano.a(lib_a-setvbuf.o)
 .debug_frame   0x00001b80       0x48 c:/program files (x86)/atmel/studio/7.0/toolchain/arm/arm-gnu-toolchain/bin/../lib/gcc/arm-none-eabi/6.3.1/../../../../arm-none-eabi/lib/thumb/v7e-m\libc_nano.a(lib_a-strerror.o)
 .debug_frame   0x00001bc8       0x20 c:/program files (x86)/atmel/studio/7.0/toolchain/arm/arm-gnu-toolchain/bin/../lib/gcc/arm-none-eabi/6.3.1/../../../../arm-none-eabi/lib/thumb/v7e-m\libc_nano.a(lib_a-u_strerr.o)
 .debug_frame   0x00001be8       0x40 c:/program files (x86)/atmel/studio/7.0/toolchain/arm/arm-gnu-toolchain/bin/../lib/gcc/arm-none-eabi/6.3.1/../../../../arm-none-eabi/lib/thumb/v7e-m\libc_nano.a(lib_a-wbuf.o)
 .debug_frame   0x00001c28       0x2c c:/program files (x86)/atmel/studio/7.0/toolchain/arm/arm-gnu-toolchain/bin/../lib/gcc/arm-none-eabi/6.3.1/../../../../arm-none-eabi/lib/thumb/v7e-m\libc_nano.a(lib_a-wsetup.o)
 .debug_frame   0x00001c54       0x68 c:/program files (x86)/atmel/studio/7.0/toolchain/arm/arm-gnu-toolchain/bin/../lib/gcc/arm-none-eabi/6.3.1/../../../../arm-none-eabi/lib/thumb/v7e-m\libc_nano.a(lib_a-fflush.o)
 .debug_frame   0x00001cbc      0x11c c:/program files (x86)/atmel/studio/7.0/toolchain/arm/arm-gnu-toolchain/bin/../lib/gcc/arm-none-eabi/6.3.1/../../../../arm-none-eabi/lib/thumb/v7e-m\libc_nano.a(lib_a-findfp.o)
 .debug_frame   0x00001dd8       0x54 c:/program files (x86)/atmel/studio/7.0/toolchain/arm/arm-gnu-toolchain/bin/../lib/gcc/arm-none-eabi/6.3.1/../../../../arm-none-eabi/lib/thumb/v7e-m\libc_nano.a(lib_a-fwalk.o)
 .debug_frame   0x00001e2c       0x58 c:/program files (x86)/atmel/studio/7.0/toolchain/arm/arm-gnu-toolchain/bin/../lib/gcc/arm-none-eabi/6.3.1/../../../../arm-none-eabi/lib/thumb/v7e-m\libc_nano.a(lib_a-makebuf.o)
 .debug_frame   0x00001e84       0x30 c:/program files (x86)/atmel/studio/7.0/toolchain/arm/arm-gnu-toolchain/bin/../lib/gcc/arm-none-eabi/6.3.1/../../../../arm-none-eabi/lib/thumb/v7e-m\libc_nano.a(lib_a-mlock.o)
 .debug_frame   0x00001eb4       0xac c:/program files (x86)/atmel/studio/7.0/toolchain/arm/arm-gnu-toolchain/bin/../lib/gcc/arm-none-eabi/6.3.1/../../../../arm-none-eabi/lib/thumb/v7e-m\libc_nano.a(lib_a-nano-vfprintf.o)
 .debug_frame   0x00001f60       0x60 c:/program files (x86)/atmel/studio/7.0/toolchain/arm/arm-gnu-toolchain/bin/../lib/gcc/arm-none-eabi/6.3.1/../../../../arm-none-eabi/lib/thumb/v7e-m\libc_nano.a(lib_a-nano-vfprintf_i.o)
 .debug_frame   0x00001fc0       0x5c c:/program files (x86)/atmel/studio/7.0/toolchain/arm/arm-gnu-toolchain/bin/../lib/gcc/arm-none-eabi/6.3.1/../../../../arm-none-eabi/lib/thumb/v7e-m\libc_nano.a(lib_a-reent.o)
 .debug_frame   0x0000201c       0x88 c:/program files (x86)/atmel/studio/7.0/toolchain/arm/arm-gnu-toolchain/bin/../lib/gcc/arm-none-eabi/6.3.1/../../../../arm-none-eabi/lib/thumb/v7e-m\libc_nano.a(lib_a-stdio.o)
 .debug_frame   0x000020a4       0x2c c:/program files (x86)/atmel/studio/7.0/toolchain/arm/arm-gnu-toolchain/bin/../lib/gcc/arm-none-eabi/6.3.1/../../../../arm-none-eabi/lib/thumb/v7e-m\libc_nano.a(lib_a-writer.o)
 .debug_frame   0x000020d0       0x2c c:/program files (x86)/atmel/studio/7.0/toolchain/arm/arm-gnu-toolchain/bin/../lib/gcc/arm-none-eabi/6.3.1/../../../../arm-none-eabi/lib/thumb/v7e-m\libc_nano.a(lib_a-closer.o)
 .debug_frame   0x000020fc       0x2c c:/program files (x86)/atmel/studio/7.0/toolchain/arm/arm-gnu-toolchain/bin/../lib/gcc/arm-none-eabi/6.3.1/../../../../arm-none-eabi/lib/thumb/v7e-m\libc_nano.a(lib_a-fstatr.o)
 .debug_frame   0x00002128       0x2c c:/program files (x86)/atmel/studio/7.0/toolchain/arm/arm-gnu-toolchain/bin/../lib/gcc/arm-none-eabi/6.3.1/../../../../arm-none-eabi/lib/thumb/v7e-m\libc_nano.a(lib_a-isattyr.o)
 .debug_frame   0x00002154       0x2c c:/program files (x86)/atmel/studio/7.0/toolchain/arm/arm-gnu-toolchain/bin/../lib/gcc/arm-none-eabi/6.3.1/../../../../arm-none-eabi/lib/thumb/v7e-m\libc_nano.a(lib_a-lseekr.o)
 .debug_frame   0x00002180       0x2c c:/program files (x86)/atmel/studio/7.0/toolchain/arm/arm-gnu-toolchain/bin/../lib/gcc/arm-none-eabi/6.3.1/../../../../arm-none-eabi/lib/thumb/v7e-m\libc_nano.a(lib_a-readr.o)
